../Middlewares/ST/touchgfx/framework/include/touchgfx/hal/HAL.hpp:101:13:touchgfx::HAL::~HAL()	16	static
../Middlewares/ST/touchgfx/framework/include/touchgfx/hal/HAL.hpp:101:13:virtual touchgfx::HAL::~HAL()	16	static
../Middlewares/ST/touchgfx/framework/include/touchgfx/hal/HAL.hpp:110:17:static touchgfx::HAL* touchgfx::HAL::getInstance()	4	static
../Middlewares/ST/touchgfx/framework/include/touchgfx/hal/HAL.hpp:124:18:virtual void touchgfx::HAL::setDisplayOrientation(touchgfx::DisplayOrientation)	16	static
../Middlewares/ST/touchgfx/framework/include/touchgfx/hal/HAL.hpp:156:18:virtual void touchgfx::HAL::setFrameBufferSize(uint16_t, uint16_t)	16	static
../Middlewares/ST/touchgfx/framework/include/touchgfx/hal/HAL.hpp:209:10:void touchgfx::HAL::frontPorchEntered()	16	static
../Middlewares/ST/touchgfx/framework/include/touchgfx/hal/HAL.hpp:320:28:virtual touchgfx::BlitOperations touchgfx::HAL::getBlitCaps()	16	static
../Middlewares/ST/touchgfx/framework/include/touchgfx/hal/HAL.hpp:608:14:uint32_t touchgfx::HAL::getLCDRefreshCount()	16	static
../Middlewares/ST/touchgfx/framework/include/touchgfx/hal/HAL.hpp:628:10:void touchgfx::HAL::vSync()	16	static
../Middlewares/ST/touchgfx/framework/include/touchgfx/hal/HAL.hpp:638:18:virtual void touchgfx::HAL::backPorchExited()	16	static
../Middlewares/ST/touchgfx/framework/include/touchgfx/hal/HAL.hpp:670:18:virtual bool touchgfx::HAL::sampleKey(uint8_t&)	16	static
../Middlewares/ST/touchgfx/framework/include/touchgfx/hal/HAL.hpp:720:18:virtual void touchgfx::HAL::setFrameBufferStartAddresses(void*, void*, void*)	24	static
../Middlewares/ST/touchgfx/framework/include/touchgfx/hal/HAL.hpp:737:18:virtual void touchgfx::HAL::setAnimationStorage(void*)	16	static
../Middlewares/ST/touchgfx/framework/include/touchgfx/hal/HAL.hpp:876:30:virtual touchgfx::FlashDataReader* touchgfx::HAL::getFlashDataReader() const	16	static
../Middlewares/ST/touchgfx/framework/include/touchgfx/hal/HAL.hpp:958:10:bool touchgfx::HAL::setFrameRefreshStrategy(touchgfx::HAL::FrameRefreshStrategy)	16	static
../Middlewares/ST/touchgfx/framework/include/touchgfx/hal/HAL.hpp:1009:10:void touchgfx::HAL::registerTaskDelayFunction(void (*)(uint16_t))	16	static
../Middlewares/ST/touchgfx/framework/include/touchgfx/hal/HAL.hpp:1025:18:virtual void touchgfx::HAL::taskDelay(uint16_t)	16	static
../Middlewares/ST/touchgfx/framework/include/touchgfx/hal/HAL.hpp:1063:21:virtual touchgfx::DMAType touchgfx::HAL::getDMAType()	16	static
../Middlewares/ST/touchgfx/framework/include/touchgfx/hal/HAL.hpp:1162:18:virtual void touchgfx::HAL::performDisplayOrientationChange()	24	static
../TouchGFX/target/generated/TouchGFXGeneratedHAL.hpp:106:18:virtual void TouchGFXGeneratedHAL::flushFrameBuffer()	16	static
../Middlewares/ST/touchgfx/framework/include/touchgfx/hal/VideoController.hpp:100:13:touchgfx::VideoController::~VideoController()	16	static
../Middlewares/ST/touchgfx/framework/include/touchgfx/hal/VideoController.hpp:100:13:virtual touchgfx::VideoController::~VideoController()	16	static
../Middlewares/ST/touchgfx/framework/include/touchgfx/widgets/VideoWidget.hpp:159:10:void touchgfx::VideoWidget::setVideoBuffer(uint8_t*)	16	static
../Middlewares/ST/touchgfx/framework/include/touchgfx/widgets/VideoWidget.hpp:172:10:void touchgfx::VideoWidget::setVideoBufferFormat(touchgfx::Bitmap::BitmapFormat, int16_t, int16_t)	24	static
../TouchGFX/target/generated/MJPEGDecoder.hpp:27:13:MJPEGDecoder::~MJPEGDecoder()	16	static
../TouchGFX/target/generated/MJPEGDecoder.hpp:27:13:virtual MJPEGDecoder::~MJPEGDecoder()	16	static
../TouchGFX/target/generated/HardwareMJPEGDecoder.hpp:70:10:void HardwareMJPEGDecoder::addDMA(touchgfx::DMA_Interface&)	16	static
../Drivers/CMSIS/Include/core_cm7.h:1902:22:void __NVIC_EnableIRQ(IRQn_Type)	16	static,ignoring_inline_asm
../Drivers/CMSIS/Include/core_cm7.h:1940:22:void __NVIC_DisableIRQ(IRQn_Type)	16	static,ignoring_inline_asm
../Drivers/CMSIS/Include/core_cm7.h:2032:22:void __NVIC_SetPriority(IRQn_Type, uint32_t)	16	static
../TouchGFX/target/generated/TouchGFXGeneratedHAL.cpp:35:18:static touchgfx::VideoController& touchgfx::VideoController::getInstance()	4	static
../TouchGFX/target/generated/TouchGFXGeneratedHAL.cpp:55:6:virtual void TouchGFXGeneratedHAL::initialize()	24	static
../TouchGFX/target/generated/TouchGFXGeneratedHAL.cpp:75:6:virtual void TouchGFXGeneratedHAL::configureInterrupts()	16	static
../TouchGFX/target/generated/TouchGFXGeneratedHAL.cpp:81:6:virtual void TouchGFXGeneratedHAL::enableInterrupts()	16	static
../TouchGFX/target/generated/TouchGFXGeneratedHAL.cpp:87:6:virtual void TouchGFXGeneratedHAL::disableInterrupts()	16	static
../TouchGFX/target/generated/TouchGFXGeneratedHAL.cpp:93:6:virtual void TouchGFXGeneratedHAL::enableLCDControllerInterrupt()	16	static
../TouchGFX/target/generated/TouchGFXGeneratedHAL.cpp:104:6:virtual bool TouchGFXGeneratedHAL::beginFrame()	16	static
../TouchGFX/target/generated/TouchGFXGeneratedHAL.cpp:109:6:virtual void TouchGFXGeneratedHAL::endFrame()	16	static
../TouchGFX/target/generated/TouchGFXGeneratedHAL.cpp:119:11:virtual uint16_t* TouchGFXGeneratedHAL::getTFTFrameBuffer() const	16	static
../TouchGFX/target/generated/TouchGFXGeneratedHAL.cpp:124:6:virtual void TouchGFXGeneratedHAL::setTFTFrameBuffer(uint16_t*)	16	static
../TouchGFX/target/generated/TouchGFXGeneratedHAL.cpp:132:6:virtual void TouchGFXGeneratedHAL::flushFrameBuffer(const touchgfx::Rect&)	32	static,ignoring_inline_asm
../TouchGFX/target/generated/TouchGFXGeneratedHAL.cpp:145:6:virtual bool TouchGFXGeneratedHAL::blockCopy(void*, const void*, uint32_t)	24	static
../TouchGFX/target/generated/TouchGFXGeneratedHAL.cpp:150:10:virtual uint16_t TouchGFXGeneratedHAL::getTFTCurrentLine()	24	static
../TouchGFX/target/generated/TouchGFXGeneratedHAL.cpp:164:6:virtual void TouchGFXGeneratedHAL::InvalidateCache()	32	static,ignoring_inline_asm
../TouchGFX/target/generated/TouchGFXGeneratedHAL.cpp:176:6:virtual void TouchGFXGeneratedHAL::FlushCache()	32	static,ignoring_inline_asm
../TouchGFX/target/generated/TouchGFXGeneratedHAL.cpp:188:17:void videoTaskFunc(void*)	16	static
../TouchGFX/target/generated/TouchGFXGeneratedHAL.cpp:195:10:void HAL_LTDC_LineEventCallback(LTDC_HandleTypeDef*)	16	static
../Middlewares/ST/touchgfx/framework/include/touchgfx/hal/VideoController.hpp:85:7:constexpr touchgfx::VideoController::VideoController()	16	static
../TouchGFX/target/generated/DedicatedBufferVideoController.hpp:52:5:DedicatedBufferController<no_streams, width, height, stride, output_format>::DedicatedBufferController() [with long unsigned int no_streams = 1; long unsigned int width = 216; long unsigned int height = 216; long unsigned int stride = 432; touchgfx::Bitmap::BitmapFormat output_format = touchgfx::Bitmap::RGB565]	24	static
../TouchGFX/target/generated/DedicatedBufferVideoController.hpp:255:10:void DedicatedBufferController<no_streams, width, height, stride, output_format>::addDecoder(MJPEGDecoder&, uint32_t) [with long unsigned int no_streams = 1; long unsigned int width = 216; long unsigned int height = 216; long unsigned int stride = 432; touchgfx::Bitmap::BitmapFormat output_format = touchgfx::Bitmap::RGB565]	24	static
../TouchGFX/target/generated/DedicatedBufferVideoController.hpp:246:18:void DedicatedBufferController<no_streams, width, height, stride, output_format>::setRGBBuffer(uint8_t*, size_t) [with long unsigned int no_streams = 1; long unsigned int width = 216; long unsigned int height = 216; long unsigned int stride = 432; touchgfx::Bitmap::BitmapFormat output_format = touchgfx::Bitmap::RGB565]	24	static
../TouchGFX/target/generated/DedicatedBufferVideoController.hpp:263:10:void DedicatedBufferController<no_streams, width, height, stride, output_format>::endFrame() [with long unsigned int no_streams = 1; long unsigned int width = 216; long unsigned int height = 216; long unsigned int stride = 432; touchgfx::Bitmap::BitmapFormat output_format = touchgfx::Bitmap::RGB565]	24	static
../TouchGFX/target/generated/DedicatedBufferVideoController.hpp:293:10:void DedicatedBufferController<no_streams, width, height, stride, output_format>::decoderTaskEntry() [with long unsigned int no_streams = 1; long unsigned int width = 216; long unsigned int height = 216; long unsigned int stride = 432; touchgfx::Bitmap::BitmapFormat output_format = touchgfx::Bitmap::RGB565]	56	static
../TouchGFX/target/generated/DedicatedBufferVideoController.hpp:382:9:DedicatedBufferController<no_streams, width, height, stride, output_format>::Stream::Stream() [with long unsigned int no_streams = 1; long unsigned int width = 216; long unsigned int height = 216; long unsigned int stride = 432; touchgfx::Bitmap::BitmapFormat output_format = touchgfx::Bitmap::RGB565]	16	static
../TouchGFX/target/generated/DedicatedBufferVideoController.hpp:418:10:bool DedicatedBufferController<no_streams, width, height, stride, output_format>::decodeForNextTick(DedicatedBufferController<no_streams, width, height, stride, output_format>::Stream&) [with long unsigned int no_streams = 1; long unsigned int width = 216; long unsigned int height = 216; long unsigned int stride = 432; touchgfx::Bitmap::BitmapFormat output_format = touchgfx::Bitmap::RGB565]	16	static
../TouchGFX/target/generated/DedicatedBufferVideoController.hpp:49:7:DedicatedBufferController<1, 216, 216, 432, touchgfx::Bitmap::RGB565>::~DedicatedBufferController()	16	static
../TouchGFX/target/generated/DedicatedBufferVideoController.hpp:49:7:virtual DedicatedBufferController<1, 216, 216, 432, touchgfx::Bitmap::RGB565>::~DedicatedBufferController()	16	static
../TouchGFX/target/generated/TouchGFXGeneratedHAL.hpp:30:7:TouchGFXGeneratedHAL::~TouchGFXGeneratedHAL()	16	static
../TouchGFX/target/generated/TouchGFXGeneratedHAL.hpp:30:7:virtual TouchGFXGeneratedHAL::~TouchGFXGeneratedHAL()	16	static
../TouchGFX/target/generated/HardwareMJPEGDecoder.hpp:45:7:HardwareMJPEGDecoder::~HardwareMJPEGDecoder()	16	static
../TouchGFX/target/generated/HardwareMJPEGDecoder.hpp:45:7:virtual HardwareMJPEGDecoder::~HardwareMJPEGDecoder()	16	static
../TouchGFX/target/generated/TouchGFXGeneratedHAL.cpp:225:1:void __static_initialization_and_destruction_0(int, int)	16	static
../TouchGFX/target/generated/DedicatedBufferVideoController.hpp:67:20:touchgfx::VideoController::Handle DedicatedBufferController<no_streams, width, height, stride, output_format>::registerVideoWidget(touchgfx::VideoWidget&) [with long unsigned int no_streams = 1; long unsigned int width = 216; long unsigned int height = 216; long unsigned int stride = 432; touchgfx::Bitmap::BitmapFormat output_format = touchgfx::Bitmap::RGB565]	24	static
../TouchGFX/target/generated/DedicatedBufferVideoController.hpp:96:18:void DedicatedBufferController<no_streams, width, height, stride, output_format>::unregisterVideoWidget(touchgfx::VideoController::Handle) [with long unsigned int no_streams = 1; long unsigned int width = 216; long unsigned int height = 216; long unsigned int stride = 432; touchgfx::Bitmap::BitmapFormat output_format = touchgfx::Bitmap::RGB565]	24	static
../TouchGFX/target/generated/DedicatedBufferVideoController.hpp:126:18:void DedicatedBufferController<no_streams, width, height, stride, output_format>::setFrameRate(touchgfx::VideoController::Handle, uint32_t, uint32_t) [with long unsigned int no_streams = 1; long unsigned int width = 216; long unsigned int height = 216; long unsigned int stride = 432; touchgfx::Bitmap::BitmapFormat output_format = touchgfx::Bitmap::RGB565]	32	static
../TouchGFX/target/generated/DedicatedBufferVideoController.hpp:204:18:bool DedicatedBufferController<no_streams, width, height, stride, output_format>::updateFrame(touchgfx::VideoController::Handle, touchgfx::VideoWidget&) [with long unsigned int no_streams = 1; long unsigned int width = 216; long unsigned int height = 216; long unsigned int stride = 432; touchgfx::Bitmap::BitmapFormat output_format = touchgfx::Bitmap::RGB565]	32	static
../TouchGFX/target/generated/DedicatedBufferVideoController.hpp:232:18:void DedicatedBufferController<no_streams, width, height, stride, output_format>::draw(touchgfx::VideoController::Handle, const touchgfx::Rect&, const touchgfx::VideoWidget&) [with long unsigned int no_streams = 1; long unsigned int width = 216; long unsigned int height = 216; long unsigned int stride = 432; touchgfx::Bitmap::BitmapFormat output_format = touchgfx::Bitmap::RGB565]	24	static
../TouchGFX/target/generated/DedicatedBufferVideoController.hpp:142:18:void DedicatedBufferController<no_streams, width, height, stride, output_format>::setVideoData(touchgfx::VideoController::Handle, const uint8_t*, uint32_t) [with long unsigned int no_streams = 1; long unsigned int width = 216; long unsigned int height = 216; long unsigned int stride = 432; touchgfx::Bitmap::BitmapFormat output_format = touchgfx::Bitmap::RGB565]	32	static
../TouchGFX/target/generated/DedicatedBufferVideoController.hpp:153:18:void DedicatedBufferController<no_streams, width, height, stride, output_format>::setVideoData(touchgfx::VideoController::Handle, touchgfx::VideoDataReader&) [with long unsigned int no_streams = 1; long unsigned int width = 216; long unsigned int height = 216; long unsigned int stride = 432; touchgfx::Bitmap::BitmapFormat output_format = touchgfx::Bitmap::RGB565]	24	static
../TouchGFX/target/generated/DedicatedBufferVideoController.hpp:158:18:void DedicatedBufferController<no_streams, width, height, stride, output_format>::setCommand(touchgfx::VideoController::Handle, touchgfx::VideoController::Command, uint32_t) [with long unsigned int no_streams = 1; long unsigned int width = 216; long unsigned int height = 216; long unsigned int stride = 432; touchgfx::Bitmap::BitmapFormat output_format = touchgfx::Bitmap::RGB565]	32	static
../TouchGFX/target/generated/DedicatedBufferVideoController.hpp:119:22:uint32_t DedicatedBufferController<no_streams, width, height, stride, output_format>::getCurrentFrameNumber(touchgfx::VideoController::Handle) [with long unsigned int no_streams = 1; long unsigned int width = 216; long unsigned int height = 216; long unsigned int stride = 432; touchgfx::Bitmap::BitmapFormat output_format = touchgfx::Bitmap::RGB565]	24	static
../TouchGFX/target/generated/DedicatedBufferVideoController.hpp:360:18:void DedicatedBufferController<no_streams, width, height, stride, output_format>::getVideoInformation(touchgfx::VideoController::Handle, touchgfx::VideoInformation*) [with long unsigned int no_streams = 1; long unsigned int width = 216; long unsigned int height = 216; long unsigned int stride = 432; touchgfx::Bitmap::BitmapFormat output_format = touchgfx::Bitmap::RGB565]	24	static
../TouchGFX/target/generated/DedicatedBufferVideoController.hpp:366:18:bool DedicatedBufferController<no_streams, width, height, stride, output_format>::getIsPlaying(touchgfx::VideoController::Handle) [with long unsigned int no_streams = 1; long unsigned int width = 216; long unsigned int height = 216; long unsigned int stride = 432; touchgfx::Bitmap::BitmapFormat output_format = touchgfx::Bitmap::RGB565]	24	static
../TouchGFX/target/generated/DedicatedBufferVideoController.hpp:438:12:touchgfx::VideoController::Handle DedicatedBufferController<no_streams, width, height, stride, output_format>::getFreeHandle() [with long unsigned int no_streams = 1; long unsigned int width = 216; long unsigned int height = 216; long unsigned int stride = 432; touchgfx::Bitmap::BitmapFormat output_format = touchgfx::Bitmap::RGB565]	72	static
../TouchGFX/target/generated/TouchGFXGeneratedHAL.cpp:225:1:cpp)	8	static
../TouchGFX/target/generated/TouchGFXGeneratedHAL.cpp:225:1:cpp)	8	static
