../TouchGFX/target/generated/HardwareMJPEGDecoder.hpp:62:22:virtual uint32_t HardwareMJPEGDecoder::getCurrentFrameNumber() const	0	static
../TouchGFX/target/generated/HardwareMJPEGDecoder.hpp:69:23:virtual MJPEGDecoder::AVIErrors HardwareMJPEGDecoder::getLastError()	0	static
../TouchGFX/target/generated/HardwareMJPEGDecoder.cpp:295:6:virtual bool HardwareMJPEGDecoder::hasVideo()	0	static
../TouchGFX/target/generated/HardwareMJPEGDecoder.cpp:493:10:virtual uint32_t HardwareMJPEGDecoder::getNumberOfFrames()	0	static
../TouchGFX/target/generated/HardwareMJPEGDecoder.cpp:498:6:virtual void HardwareMJPEGDecoder::setRepeatVideo(bool)	0	static
../TouchGFX/target/generated/HardwareMJPEGDecoder.cpp:503:6:virtual void HardwareMJPEGDecoder::getVideoInfo(touchgfx::VideoInformation*)	0	static
../TouchGFX/target/generated/HardwareMJPEGDecoder.hpp:45:7:HardwareMJPEGDecoder::~HardwareMJPEGDecoder()	0	static
../TouchGFX/target/generated/HardwareMJPEGDecoder.cpp:467:6:virtual bool HardwareMJPEGDecoder::decodeThumbnail(uint32_t, uint8_t*, uint16_t, uint16_t)	8	static
../TouchGFX/target/generated/HardwareMJPEGDecoder.hpp:45:7:virtual HardwareMJPEGDecoder::~HardwareMJPEGDecoder()	8	static
../TouchGFX/target/generated/HardwareMJPEGDecoder.cpp:402:6:void HardwareMJPEGDecoder::decodeMJPEGFrame(const uint8_t*, uint32_t, uint8_t*, uint16_t, uint16_t, uint32_t)	56	static
../TouchGFX/target/generated/HardwareMJPEGDecoder.cpp:473:6:virtual void HardwareMJPEGDecoder::gotoFrame(uint32_t)	24	static
../TouchGFX/target/generated/HardwareMJPEGDecoder.cpp:442:6:virtual bool HardwareMJPEGDecoder::decodeFrame(const touchgfx::Rect&, uint8_t*, uint32_t)	48	static
../TouchGFX/target/generated/HardwareMJPEGDecoder.cpp:240:6:virtual bool HardwareMJPEGDecoder::gotoNextFrame()	32	static
../TouchGFX/target/generated/HardwareMJPEGDecoder.cpp:188:6:virtual bool HardwareMJPEGDecoder::decodeNextFrame(uint8_t*, uint16_t, uint16_t, uint32_t)	24	static
../TouchGFX/target/generated/HardwareMJPEGDecoder.cpp:103:1:HardwareMJPEGDecoder::HardwareMJPEGDecoder()	16	static
../TouchGFX/target/generated/HardwareMJPEGDecoder.cpp:120:5:int HardwareMJPEGDecoder::compare(uint32_t, const char*, uint32_t)	0	static
../TouchGFX/target/generated/HardwareMJPEGDecoder.cpp:165:16:const uint8_t* HardwareMJPEGDecoder::readData(uint32_t, uint32_t)	16	static
../TouchGFX/target/generated/HardwareMJPEGDecoder.cpp:300:6:void HardwareMJPEGDecoder::readVideoHeader()	48	static
../TouchGFX/target/generated/HardwareMJPEGDecoder.cpp:277:6:virtual void HardwareMJPEGDecoder::setVideoData(const uint8_t*, uint32_t)	4	static
../TouchGFX/target/generated/HardwareMJPEGDecoder.cpp:286:6:virtual void HardwareMJPEGDecoder::setVideoData(touchgfx::VideoDataReader&)	8	static
../TouchGFX/target/generated/HardwareMJPEGDecoder.cpp:402:6:void HardwareMJPEGDecoder::decodeMJPEGFrame(const uint8_t*, uint32_t, uint8_t*, uint16_t, uint16_t, uint32_t)	4	static
../TouchGFX/target/generated/HardwareMJPEGDecoder.cpp:520:10:uint32_t JPEG_Decode_DMA(JPEG_HandleTypeDef*, uint8_t*, uint32_t, uint8_t*)	24	static
../TouchGFX/target/generated/HardwareMJPEGDecoder.cpp:551:6:void HAL_JPEG_InfoReadyCallback(JPEG_HandleTypeDef*, JPEG_ConfTypeDef*)	8	static
../TouchGFX/target/generated/HardwareMJPEGDecoder.cpp:601:6:void HAL_JPEG_GetDataCallback(JPEG_HandleTypeDef*, uint32_t)	4	static
../TouchGFX/target/generated/HardwareMJPEGDecoder.cpp:620:6:void HAL_JPEG_DataReadyCallback(JPEG_HandleTypeDef*, uint8_t*, uint32_t)	16	static
../TouchGFX/target/generated/HardwareMJPEGDecoder.cpp:648:6:void HAL_JPEG_ErrorCallback(JPEG_HandleTypeDef*)	8	static
../TouchGFX/target/generated/HardwareMJPEGDecoder.cpp:660:6:void HAL_JPEG_DecodeCpltCallback(JPEG_HandleTypeDef*)	0	static
../TouchGFX/target/generated/HardwareMJPEGDecoder.cpp:672:10:uint32_t JPEG_OutputHandler(JPEG_HandleTypeDef*, touchgfx::DMA_Interface&)	40	static
../TouchGFX/target/generated/HardwareMJPEGDecoder.cpp:725:6:void DMA2D_CopyBuffer(External_DMA2D_JobTypeDef&)	20	static
../TouchGFX/target/generated/HardwareMJPEGDecoder.cpp:771:6:void DMA2D_ExternalJobCompleted(External_DMA2D_JobTypeDef&)	0	static
../TouchGFX/target/generated/HardwareMJPEGDecoder.cpp:791:1:cpp)	0	static
