../Middlewares/ST/touchgfx/framework/include/touchgfx/hal/HAL.hpp:124:18:virtual void touchgfx::HAL::setDisplayOrientation(touchgfx::DisplayOrientation)	0	static
../Middlewares/ST/touchgfx/framework/include/touchgfx/hal/HAL.hpp:670:18:virtual bool touchgfx::HAL::sampleKey(uint8_t&)	0	static
../Middlewares/ST/touchgfx/framework/include/touchgfx/hal/HAL.hpp:737:18:virtual void touchgfx::HAL::setAnimationStorage(void*)	0	static
../Middlewares/ST/touchgfx/framework/include/touchgfx/hal/HAL.hpp:876:30:virtual touchgfx::FlashDataReader* touchgfx::HAL::getFlashDataReader() const	0	static
../Middlewares/ST/touchgfx/framework/include/touchgfx/hal/HAL.hpp:1025:18:virtual void touchgfx::HAL::taskDelay(uint16_t)	0	static
../Middlewares/ST/touchgfx/framework/include/touchgfx/hal/HAL.hpp:1063:21:virtual touchgfx::DMAType touchgfx::HAL::getDMAType()	0	static
../TouchGFX/target/generated/HardwareMJPEGDecoder.hpp:62:22:virtual uint32_t HardwareMJPEGDecoder::getCurrentFrameNumber() const	0	static
../TouchGFX/target/generated/TouchGFXGeneratedHAL.cpp:75:6:virtual void TouchGFXGeneratedHAL::configureInterrupts()	0	static
../TouchGFX/target/generated/TouchGFXGeneratedHAL.cpp:93:6:virtual void TouchGFXGeneratedHAL::enableLCDControllerInterrupt()	0	static
../TouchGFX/target/generated/TouchGFXGeneratedHAL.cpp:119:11:virtual uint16_t* TouchGFXGeneratedHAL::getTFTFrameBuffer() const	0	static
../TouchGFX/target/generated/TouchGFXGeneratedHAL.cpp:124:6:virtual void TouchGFXGeneratedHAL::setTFTFrameBuffer(uint16_t*)	0	static
../TouchGFX/target/generated/TouchGFXGeneratedHAL.cpp:150:10:virtual uint16_t TouchGFXGeneratedHAL::getTFTCurrentLine()	0	static
../TouchGFX/target/generated/DedicatedBufferVideoController.hpp:246:18:void DedicatedBufferController<no_streams, width, height, stride, output_format>::setRGBBuffer(uint8_t*, size_t) [with long unsigned int no_streams = 1; long unsigned int width = 216; long unsigned int height = 216; long unsigned int stride = 432; touchgfx::Bitmap::BitmapFormat output_format = touchgfx::Bitmap::RGB565]	0	static
../TouchGFX/target/generated/DedicatedBufferVideoController.hpp:49:7:DedicatedBufferController<1, 216, 216, 432, touchgfx::Bitmap::RGB565>::~DedicatedBufferController()	0	static
../TouchGFX/target/generated/TouchGFXGeneratedHAL.hpp:30:7:TouchGFXGeneratedHAL::~TouchGFXGeneratedHAL()	0	static
../TouchGFX/target/generated/DedicatedBufferVideoController.hpp:153:18:void DedicatedBufferController<no_streams, width, height, stride, output_format>::setVideoData(touchgfx::VideoController::Handle, touchgfx::VideoDataReader&) [with long unsigned int no_streams = 1; long unsigned int width = 216; long unsigned int height = 216; long unsigned int stride = 432; touchgfx::Bitmap::BitmapFormat output_format = touchgfx::Bitmap::RGB565]	0	static
../Middlewares/ST/touchgfx/framework/include/touchgfx/hal/HAL.hpp:156:18:virtual void touchgfx::HAL::setFrameBufferSize(uint16_t, uint16_t)	8	static
../TouchGFX/target/generated/DedicatedBufferVideoController.hpp:366:18:bool DedicatedBufferController<no_streams, width, height, stride, output_format>::getIsPlaying(touchgfx::VideoController::Handle) [with long unsigned int no_streams = 1; long unsigned int width = 216; long unsigned int height = 216; long unsigned int stride = 432; touchgfx::Bitmap::BitmapFormat output_format = touchgfx::Bitmap::RGB565]	8	static
../TouchGFX/target/generated/DedicatedBufferVideoController.hpp:360:18:void DedicatedBufferController<no_streams, width, height, stride, output_format>::getVideoInformation(touchgfx::VideoController::Handle, touchgfx::VideoInformation*) [with long unsigned int no_streams = 1; long unsigned int width = 216; long unsigned int height = 216; long unsigned int stride = 432; touchgfx::Bitmap::BitmapFormat output_format = touchgfx::Bitmap::RGB565]	8	static
../TouchGFX/target/generated/DedicatedBufferVideoController.hpp:119:22:uint32_t DedicatedBufferController<no_streams, width, height, stride, output_format>::getCurrentFrameNumber(touchgfx::VideoController::Handle) [with long unsigned int no_streams = 1; long unsigned int width = 216; long unsigned int height = 216; long unsigned int stride = 432; touchgfx::Bitmap::BitmapFormat output_format = touchgfx::Bitmap::RGB565]	8	static
../TouchGFX/target/generated/DedicatedBufferVideoController.hpp:142:18:void DedicatedBufferController<no_streams, width, height, stride, output_format>::setVideoData(touchgfx::VideoController::Handle, const uint8_t*, uint32_t) [with long unsigned int no_streams = 1; long unsigned int width = 216; long unsigned int height = 216; long unsigned int stride = 432; touchgfx::Bitmap::BitmapFormat output_format = touchgfx::Bitmap::RGB565]	8	static
../TouchGFX/target/generated/DedicatedBufferVideoController.hpp:126:18:void DedicatedBufferController<no_streams, width, height, stride, output_format>::setFrameRate(touchgfx::VideoController::Handle, uint32_t, uint32_t) [with long unsigned int no_streams = 1; long unsigned int width = 216; long unsigned int height = 216; long unsigned int stride = 432; touchgfx::Bitmap::BitmapFormat output_format = touchgfx::Bitmap::RGB565]	8	static
../TouchGFX/target/generated/TouchGFXGeneratedHAL.cpp:104:6:virtual bool TouchGFXGeneratedHAL::beginFrame()	0	static
../TouchGFX/target/generated/TouchGFXGeneratedHAL.cpp:109:6:virtual void TouchGFXGeneratedHAL::endFrame()	8	static
../TouchGFX/target/generated/TouchGFXGeneratedHAL.cpp:145:6:virtual bool TouchGFXGeneratedHAL::blockCopy(void*, const void*, uint32_t)	0	static
../TouchGFX/target/generated/DedicatedBufferVideoController.hpp:232:18:void DedicatedBufferController<no_streams, width, height, stride, output_format>::draw(touchgfx::VideoController::Handle, const touchgfx::Rect&, const touchgfx::VideoWidget&) [with long unsigned int no_streams = 1; long unsigned int width = 216; long unsigned int height = 216; long unsigned int stride = 432; touchgfx::Bitmap::BitmapFormat output_format = touchgfx::Bitmap::RGB565]	8	static
../TouchGFX/target/generated/DedicatedBufferVideoController.hpp:96:18:void DedicatedBufferController<no_streams, width, height, stride, output_format>::unregisterVideoWidget(touchgfx::VideoController::Handle) [with long unsigned int no_streams = 1; long unsigned int width = 216; long unsigned int height = 216; long unsigned int stride = 432; touchgfx::Bitmap::BitmapFormat output_format = touchgfx::Bitmap::RGB565]	16	static
../Middlewares/ST/touchgfx/framework/include/touchgfx/hal/HAL.hpp:638:18:virtual void touchgfx::HAL::backPorchExited()	8	static
../TouchGFX/target/generated/TouchGFXGeneratedHAL.hpp:106:18:virtual void TouchGFXGeneratedHAL::flushFrameBuffer()	0	static
../TouchGFX/target/generated/TouchGFXGeneratedHAL.hpp:30:7:virtual TouchGFXGeneratedHAL::~TouchGFXGeneratedHAL()	8	static
../TouchGFX/target/generated/DedicatedBufferVideoController.hpp:49:7:virtual DedicatedBufferController<1, 216, 216, 432, touchgfx::Bitmap::RGB565>::~DedicatedBufferController()	8	static
../Middlewares/ST/touchgfx/framework/include/touchgfx/hal/HAL.hpp:320:28:virtual touchgfx::BlitOperations touchgfx::HAL::getBlitCaps()	0	static
../Middlewares/ST/touchgfx/framework/include/touchgfx/hal/HAL.hpp:1162:18:virtual void touchgfx::HAL::performDisplayOrientationChange()	0	static
../TouchGFX/target/generated/TouchGFXGeneratedHAL.cpp:132:6:virtual void TouchGFXGeneratedHAL::flushFrameBuffer(const touchgfx::Rect&)	8	static,ignoring_inline_asm
../TouchGFX/target/generated/DedicatedBufferVideoController.hpp:158:18:void DedicatedBufferController<no_streams, width, height, stride, output_format>::setCommand(touchgfx::VideoController::Handle, touchgfx::VideoController::Command, uint32_t) [with long unsigned int no_streams = 1; long unsigned int width = 216; long unsigned int height = 216; long unsigned int stride = 432; touchgfx::Bitmap::BitmapFormat output_format = touchgfx::Bitmap::RGB565]	8	static
../TouchGFX/target/generated/DedicatedBufferVideoController.hpp:204:18:bool DedicatedBufferController<no_streams, width, height, stride, output_format>::updateFrame(touchgfx::VideoController::Handle, touchgfx::VideoWidget&) [with long unsigned int no_streams = 1; long unsigned int width = 216; long unsigned int height = 216; long unsigned int stride = 432; touchgfx::Bitmap::BitmapFormat output_format = touchgfx::Bitmap::RGB565]	8	static
../TouchGFX/target/generated/DedicatedBufferVideoController.hpp:67:20:touchgfx::VideoController::Handle DedicatedBufferController<no_streams, width, height, stride, output_format>::registerVideoWidget(touchgfx::VideoWidget&) [with long unsigned int no_streams = 1; long unsigned int width = 216; long unsigned int height = 216; long unsigned int stride = 432; touchgfx::Bitmap::BitmapFormat output_format = touchgfx::Bitmap::RGB565]	16	static
../TouchGFX/target/generated/TouchGFXGeneratedHAL.cpp:87:6:virtual void TouchGFXGeneratedHAL::disableInterrupts()	0	static,ignoring_inline_asm
../TouchGFX/target/generated/TouchGFXGeneratedHAL.cpp:81:6:virtual void TouchGFXGeneratedHAL::enableInterrupts()	0	static,ignoring_inline_asm
../Middlewares/ST/touchgfx/framework/include/touchgfx/hal/HAL.hpp:720:18:virtual void touchgfx::HAL::setFrameBufferStartAddresses(void*, void*, void*)	8	static
../TouchGFX/target/generated/TouchGFXGeneratedHAL.cpp:55:6:virtual void TouchGFXGeneratedHAL::initialize()	16	static
../TouchGFX/target/generated/TouchGFXGeneratedHAL.cpp:164:6:virtual void TouchGFXGeneratedHAL::InvalidateCache()	8	static,ignoring_inline_asm
../TouchGFX/target/generated/TouchGFXGeneratedHAL.cpp:35:18:static touchgfx::VideoController& touchgfx::VideoController::getInstance()	0	static
../TouchGFX/target/generated/TouchGFXGeneratedHAL.cpp:195:10:void HAL_LTDC_LineEventCallback(LTDC_HandleTypeDef*)	8	static
../TouchGFX/target/generated/DedicatedBufferVideoController.hpp:293:10:void DedicatedBufferController<no_streams, width, height, stride, output_format>::decoderTaskEntry() [with long unsigned int no_streams = 1; long unsigned int width = 216; long unsigned int height = 216; long unsigned int stride = 432; touchgfx::Bitmap::BitmapFormat output_format = touchgfx::Bitmap::RGB565]	40	static
../TouchGFX/target/generated/TouchGFXGeneratedHAL.cpp:188:17:void videoTaskFunc(void*)	8	static
../TouchGFX/target/generated/TouchGFXGeneratedHAL.cpp:225:1:cpp)	16	static
