Archive member included to satisfy reference by file (symbol)

E:\Workspace\Video_Vrode_Poloski\Video\Middlewares\ST\touchgfx\lib\core\cortex_m7\gcc\libtouchgfx-float-abi-hard.a(AbstractPartition.o)
                              ./TouchGFX/target/generated/TouchGFXConfiguration.o (touchgfx::AbstractPartition::getAllocationCount() const)
E:\Workspace\Video_Vrode_Poloski\Video\Middlewares\ST\touchgfx\lib\core\cortex_m7\gcc\libtouchgfx-float-abi-hard.a(Container.o)
                              ./TouchGFX/generated/gui_generated/src/screen_screen/screenViewBase.o (touchgfx::Container::add(touchgfx::Drawable&))
E:\Workspace\Video_Vrode_Poloski\Video\Middlewares\ST\touchgfx\lib\core\cortex_m7\gcc\libtouchgfx-float-abi-hard.a(HAL.o)
                              ./TouchGFX/target/TouchGFXHAL.o (touchgfx::HAL::drawDrawableInDynamicBitmap(touchgfx::Drawable&, unsigned short))
E:\Workspace\Video_Vrode_Poloski\Video\Middlewares\ST\touchgfx\lib\core\cortex_m7\gcc\libtouchgfx-float-abi-hard.a(DMA.o)
                              ./TouchGFX/target/generated/STM32DMA.o (touchgfx::DMA_Interface::seedExecution())
E:\Workspace\Video_Vrode_Poloski\Video\Middlewares\ST\touchgfx\lib\core\cortex_m7\gcc\libtouchgfx-float-abi-hard.a(Box.o)
                              ./TouchGFX/generated/gui_generated/src/screen_screen/screenViewBase.o (vtable for touchgfx::Box)
E:\Workspace\Video_Vrode_Poloski\Video\Middlewares\ST\touchgfx\lib\core\cortex_m7\gcc\libtouchgfx-float-abi-hard.a(VideoWidget.o)
                              ./TouchGFX/generated/gui_generated/src/screen_screen/screenViewBase.o (touchgfx::VideoWidget::~VideoWidget())
E:\Workspace\Video_Vrode_Poloski\Video\Middlewares\ST\touchgfx\lib\core\cortex_m7\gcc\libtouchgfx-float-abi-hard.a(LCD.o)
                              ./TouchGFX/generated/texts/src/Texts.o (touchgfx::LCD::drawStringLTR(touchgfx::Rect const&, touchgfx::Rect const&, touchgfx::LCD::StringVisuals const&, unsigned short const*, std::__va_list))
E:\Workspace\Video_Vrode_Poloski\Video\Middlewares\ST\touchgfx\lib\core\cortex_m7\gcc\libtouchgfx-float-abi-hard.a(TouchCalibration.o)
                              E:\Workspace\Video_Vrode_Poloski\Video\Middlewares\ST\touchgfx\lib\core\cortex_m7\gcc\libtouchgfx-float-abi-hard.a(HAL.o) (touchgfx::TouchCalibration::translatePoint(touchgfx::Point&))
E:\Workspace\Video_Vrode_Poloski\Video\Middlewares\ST\touchgfx\lib\core\cortex_m7\gcc\libtouchgfx-float-abi-hard.a(DisplayTransformation.o)
                              E:\Workspace\Video_Vrode_Poloski\Video\Middlewares\ST\touchgfx\lib\core\cortex_m7\gcc\libtouchgfx-float-abi-hard.a(HAL.o) (touchgfx::DisplayTransformation::transformFrameBufferToDisplay(short&, short&))
E:\Workspace\Video_Vrode_Poloski\Video\Middlewares\ST\touchgfx\lib\core\cortex_m7\gcc\libtouchgfx-float-abi-hard.a(Application.o)
                              ./TouchGFX/generated/gui_generated/src/common/FrontendApplicationBase.o (touchgfx::Application::switchScreen(touchgfx::Screen*))
E:\Workspace\Video_Vrode_Poloski\Video\Middlewares\ST\touchgfx\lib\core\cortex_m7\gcc\libtouchgfx-float-abi-hard.a(TypedText.o)
                              ./TouchGFX/generated/fonts/src/FontCache.o (touchgfx::TypedText::numberOfTypedTexts)
E:\Workspace\Video_Vrode_Poloski\Video\Middlewares\ST\touchgfx\lib\core\cortex_m7\gcc\libtouchgfx-float-abi-hard.a(Font.o)
                              ./TouchGFX/generated/texts/src/Texts.o (touchgfx::Font::getStringWidthLTR(unsigned char, unsigned short const*, std::__va_list) const)
E:\Workspace\Video_Vrode_Poloski\Video\Middlewares\ST\touchgfx\lib\core\cortex_m7\gcc\libtouchgfx-float-abi-hard.a(Drawable.o)
                              E:\Workspace\Video_Vrode_Poloski\Video\Middlewares\ST\touchgfx\lib\core\cortex_m7\gcc\libtouchgfx-float-abi-hard.a(Container.o) (touchgfx::Drawable::invalidate() const)
E:\Workspace\Video_Vrode_Poloski\Video\Middlewares\ST\touchgfx\lib\core\cortex_m7\gcc\libtouchgfx-float-abi-hard.a(ConstFont.o)
                              ./TouchGFX/generated/fonts/src/GeneratedFont.o (touchgfx::ConstFont::ConstFont(touchgfx::GlyphNode const*, unsigned short, unsigned short, unsigned char, unsigned char, unsigned char, unsigned char, unsigned char, unsigned short, unsigned short))
E:\Workspace\Video_Vrode_Poloski\Video\Middlewares\ST\touchgfx\lib\core\cortex_m7\gcc\libtouchgfx-float-abi-hard.a(Utils.o)
                              ./TouchGFX/generated/fonts/src/FontCache.o (touchgfx::memset(void*, unsigned char, unsigned long))
E:\Workspace\Video_Vrode_Poloski\Video\Middlewares\ST\touchgfx\lib\core\cortex_m7\gcc\libtouchgfx-float-abi-hard.a(Screen.o)
                              ./TouchGFX/generated/gui_generated/src/screen_screen/screenViewBase.o (touchgfx::Screen::handleGestureEvent(touchgfx::GestureEvent const&))
E:\Workspace\Video_Vrode_Poloski\Video\Middlewares\ST\touchgfx\lib\core\cortex_m7\gcc\libtouchgfx-float-abi-hard.a(TextProvider.o)
[...]
Memory Configuration

Name             Origin             Length             Attributes
FLASH            0x0000000008000000 0x0000000000200000 xr
DTCMRAM          0x0000000020000000 0x0000000000020000 xrw
RAM_D1           0x0000000024000000 0x0000000000080000 xrw
RAM_D2           0x0000000030000000 0x0000000000048000 xrw
RAM_D3           0x0000000038000000 0x0000000000010000 xrw
ITCMRAM          0x0000000000000000 0x0000000000010000 xrw
QUADSPI          0x0000000090000000 0x0000000001000000 r
*default*        0x0000000000000000 0xffffffffffffffff

Linker script and memory map

LOAD c:/st/stm32cubeide_1.7.0/stm32cubeide/plugins/com.st.stm32cube.ide.mcu.externaltools.gnu-tools-for-stm32.10.3-2021.10.win32_1.0.0.202111181127/tools/bin/../lib/gcc/arm-none-eabi/10.3.1/thumb/v7e-m+dp/hard/crti.o
LOAD c:/st/stm32cubeide_1.7.0/stm32cubeide/plugins/com.st.stm32cube.ide.mcu.externaltools.gnu-tools-for-stm32.10.3-2021.10.win32_1.0.0.202111181127/tools/bin/../lib/gcc/arm-none-eabi/10.3.1/thumb/v7e-m+dp/hard/crtbegin.o
LOAD c:/st/stm32cubeide_1.7.0/stm32cubeide/plugins/com.st.stm32cube.ide.mcu.externaltools.gnu-tools-for-stm32.10.3-2021.10.win32_1.0.0.202111181127/tools/bin/../lib/gcc/arm-none-eabi/10.3.1/../../../../arm-none-eabi/lib/thumb/v7e-m+dp/hard/crt0.o
LOAD ./Core/Inc/nema_hal_threadx.o
LOAD ./Core/Src/crc.o
LOAD ./Core/Src/dma2d.o
LOAD ./Core/Src/freertos.o
LOAD ./Core/Src/gpio.o
LOAD ./Core/Src/jpeg.o
LOAD ./Core/Src/ltdc.o
LOAD ./Core/Src/main.o
LOAD ./Core/Src/mdma.o
LOAD ./Core/Src/quadspi.o
LOAD ./Core/Src/stm32h7xx_hal_msp.o
LOAD ./Core/Src/stm32h7xx_hal_timebase_tim.o
LOAD ./Core/Src/stm32h7xx_it.o
LOAD ./Core/Src/syscalls.o
LOAD ./Core/Src/sysmem.o
LOAD ./Core/Src/system_stm32h7xx.o
LOAD ./Core/Src/w25q128jv.o
LOAD ./Core/Startup/startup_stm32h743vitx.o
LOAD ./Drivers/STM32H7xx_HAL_Driver/Src/stm32h7xx_hal.o
LOAD ./Drivers/STM32H7xx_HAL_Driver/Src/stm32h7xx_hal_cortex.o
LOAD ./Drivers/STM32H7xx_HAL_Driver/Src/stm32h7xx_hal_crc.o
LOAD ./Drivers/STM32H7xx_HAL_Driver/Src/stm32h7xx_hal_crc_ex.o
LOAD ./Drivers/STM32H7xx_HAL_Driver/Src/stm32h7xx_hal_dma.o
LOAD ./Drivers/STM32H7xx_HAL_Driver/Src/stm32h7xx_hal_dma2d.o
LOAD ./Drivers/STM32H7xx_HAL_Driver/Src/stm32h7xx_hal_dma_ex.o
LOAD ./Drivers/STM32H7xx_HAL_Driver/Src/stm32h7xx_hal_exti.o
LOAD ./Drivers/STM32H7xx_HAL_Driver/Src/stm32h7xx_hal_flash.o
LOAD ./Drivers/STM32H7xx_HAL_Driver/Src/stm32h7xx_hal_flash_ex.o
LOAD ./Drivers/STM32H7xx_HAL_Driver/Src/stm32h7xx_hal_gpio.o
LOAD ./Drivers/STM32H7xx_HAL_Driver/Src/stm32h7xx_hal_hsem.o
LOAD ./Drivers/STM32H7xx_HAL_Driver/Src/stm32h7xx_hal_i2c.o
LOAD ./Drivers/STM32H7xx_HAL_Driver/Src/stm32h7xx_hal_i2c_ex.o
LOAD ./Drivers/STM32H7xx_HAL_Driver/Src/stm32h7xx_hal_jpeg.o
LOAD ./Drivers/STM32H7xx_HAL_Driver/Src/stm32h7xx_hal_ltdc.o
LOAD ./Drivers/STM32H7xx_HAL_Driver/Src/stm32h7xx_hal_ltdc_ex.o
LOAD ./Drivers/STM32H7xx_HAL_Driver/Src/stm32h7xx_hal_mdma.o
LOAD ./Drivers/STM32H7xx_HAL_Driver/Src/stm32h7xx_hal_pwr.o
LOAD ./Drivers/STM32H7xx_HAL_Driver/Src/stm32h7xx_hal_pwr_ex.o
LOAD ./Drivers/STM32H7xx_HAL_Driver/Src/stm32h7xx_hal_qspi.o
LOAD ./Drivers/STM32H7xx_HAL_Driver/Src/stm32h7xx_hal_rcc.o
LOAD ./Drivers/STM32H7xx_HAL_Driver/Src/stm32h7xx_hal_rcc_ex.o
LOAD ./Drivers/STM32H7xx_HAL_Driver/Src/stm32h7xx_hal_tim.o
LOAD ./Drivers/STM32H7xx_HAL_Driver/Src/stm32h7xx_hal_tim_ex.o
LOAD ./LIBJPEG/App/libjpeg.o
LOAD ./Middlewares/Third_Party/FreeRTOS/Source/CMSIS_RTOS_V2/cmsis_os2.o
LOAD ./Middlewares/Third_Party/FreeRTOS/Source/croutine.o
LOAD ./Middlewares/Third_Party/FreeRTOS/Source/event_groups.o
LOAD ./Middlewares/Third_Party/FreeRTOS/Source/list.o
LOAD ./Middlewares/Third_Party/FreeRTOS/Source/queue.o
LOAD ./Middlewares/Third_Party/FreeRTOS/Source/stream_buffer.o
LOAD ./Middlewares/Third_Party/FreeRTOS/Source/tasks.o
LOAD ./Middlewares/Third_Party/FreeRTOS/Source/timers.o
LOAD ./Middlewares/Third_Party/FreeRTOS/Source/portable/GCC/ARM_CM4F/port.o
LOAD ./Middlewares/Third_Party/FreeRTOS/Source/portable/MemMang/heap_4.o
LOAD ./Middlewares/Third_Party/LibJPEG/source/jaricom.o
LOAD ./Middlewares/Third_Party/LibJPEG/source/jcapimin.o
LOAD ./Middlewares/Third_Party/LibJPEG/source/jcapistd.o
LOAD ./Middlewares/Third_Party/LibJPEG/source/jcarith.o
LOAD ./Middlewares/Third_Party/LibJPEG/source/jccoefct.o
LOAD ./Middlewares/Third_Party/LibJPEG/source/jccolor.o
LOAD ./Middlewares/Third_Party/LibJPEG/source/jcdctmgr.o
LOAD ./Middlewares/Third_Party/LibJPEG/source/jchuff.o
LOAD ./Middlewares/Third_Party/LibJPEG/source/jcinit.o
LOAD ./Middlewares/Third_Party/LibJPEG/source/jcmainct.o
LOAD ./Middlewares/Third_Party/LibJPEG/source/jcmarker.o
LOAD ./Middlewares/Third_Party/LibJPEG/source/jcmaster.o
LOAD ./Middlewares/Third_Party/LibJPEG/source/jcomapi.o
LOAD ./Middlewares/Third_Party/LibJPEG/source/jcparam.o
LOAD ./Middlewares/Third_Party/LibJPEG/source/jcprepct.o
LOAD ./Middlewares/Third_Party/LibJPEG/source/jcsample.o
LOAD ./Middlewares/Third_Party/LibJPEG/source/jctrans.o
LOAD ./Middlewares/Third_Party/LibJPEG/source/jdapimin.o
LOAD ./Middlewares/Third_Party/LibJPEG/source/jdapistd.o
LOAD ./Middlewares/Third_Party/LibJPEG/source/jdarith.o
LOAD ./Middlewares/Third_Party/LibJPEG/source/jdatadst.o
LOAD ./Middlewares/Third_Party/LibJPEG/source/jdatasrc.o
LOAD ./Middlewares/Third_Party/LibJPEG/source/jdcoefct.o
LOAD ./Middlewares/Third_Party/LibJPEG/source/jdcolor.o
LOAD ./Middlewares/Third_Party/LibJPEG/source/jddctmgr.o
LOAD ./Middlewares/Third_Party/LibJPEG/source/jdhuff.o
LOAD ./Middlewares/Third_Party/LibJPEG/source/jdinput.o
LOAD ./Middlewares/Third_Party/LibJPEG/source/jdmainct.o
LOAD ./Middlewares/Third_Party/LibJPEG/source/jdmarker.o
LOAD ./Middlewares/Third_Party/LibJPEG/source/jdmaster.o
LOAD ./Middlewares/Third_Party/LibJPEG/source/jdmerge.o
LOAD ./Middlewares/Third_Party/LibJPEG/source/jdpostct.o
LOAD ./Middlewares/Third_Party/LibJPEG/source/jdsample.o
LOAD ./Middlewares/Third_Party/LibJPEG/source/jdtrans.o
LOAD ./Middlewares/Third_Party/LibJPEG/source/jerror.o
LOAD ./Middlewares/Third_Party/LibJPEG/source/jfdctflt.o
LOAD ./Middlewares/Third_Party/LibJPEG/source/jfdctfst.o
LOAD ./Middlewares/Third_Party/LibJPEG/source/jfdctint.o
LOAD ./Middlewares/Third_Party/LibJPEG/source/jidctflt.o
LOAD ./Middlewares/Third_Party/LibJPEG/source/jidctfst.o
LOAD ./Middlewares/Third_Party/LibJPEG/source/jidctint.o
LOAD ./Middlewares/Third_Party/LibJPEG/source/jmemmgr.o
LOAD ./Middlewares/Third_Party/LibJPEG/source/jmemnobs.o
LOAD ./Middlewares/Third_Party/LibJPEG/source/jquant1.o
LOAD ./Middlewares/Third_Party/LibJPEG/source/jquant2.o
LOAD ./Middlewares/Third_Party/LibJPEG/source/jutils.o
LOAD ./TouchGFX/App/app_touchgfx.o
LOAD ./TouchGFX/generated/fonts/src/ApplicationFontProvider.o
LOAD ./TouchGFX/generated/fonts/src/CachedFont.o
LOAD ./TouchGFX/generated/fonts/src/FontCache.o
LOAD ./TouchGFX/generated/fonts/src/Font_verdana_10_4bpp_0.o
LOAD ./TouchGFX/generated/fonts/src/Font_verdana_20_4bpp_0.o
LOAD ./TouchGFX/generated/fonts/src/Font_verdana_40_4bpp_0.o
LOAD ./TouchGFX/generated/fonts/src/GeneratedFont.o
LOAD ./TouchGFX/generated/fonts/src/Kerning_verdana_10_4bpp.o
LOAD ./TouchGFX/generated/fonts/src/Kerning_verdana_20_4bpp.o
LOAD ./TouchGFX/generated/fonts/src/Kerning_verdana_40_4bpp.o
LOAD ./TouchGFX/generated/fonts/src/Table_verdana_10_4bpp.o
LOAD ./TouchGFX/generated/fonts/src/Table_verdana_20_4bpp.o
LOAD ./TouchGFX/generated/fonts/src/Table_verdana_40_4bpp.o
LOAD ./TouchGFX/generated/fonts/src/UnmappedDataFont.o
LOAD ./TouchGFX/generated/gui_generated/src/common/FrontendApplicationBase.o
LOAD ./TouchGFX/generated/gui_generated/src/screen_screen/screenViewBase.o
LOAD ./TouchGFX/generated/images/src/BitmapDatabase.o
LOAD ./TouchGFX/generated/texts/src/LanguageGb.o
LOAD ./TouchGFX/generated/texts/src/Texts.o
LOAD ./TouchGFX/generated/texts/src/TypedTextDatabase.o
LOAD ./TouchGFX/gui/src/common/FrontendApplication.o
LOAD ./TouchGFX/gui/src/model/Model.o
LOAD ./TouchGFX/gui/src/screen_screen/screenPresenter.o
LOAD ./TouchGFX/gui/src/screen_screen/screenView.o
LOAD ./TouchGFX/target/STM32TouchController.o
LOAD ./TouchGFX/target/TouchGFXGPIO.o
LOAD ./TouchGFX/target/TouchGFXHAL.o
LOAD ./TouchGFX/target/generated/HardwareMJPEGDecoder.o
LOAD ./TouchGFX/target/generated/OSWrappers.o
LOAD ./TouchGFX/target/generated/STM32DMA.o
LOAD ./TouchGFX/target/generated/TouchGFXConfiguration.o
LOAD ./TouchGFX/target/generated/TouchGFXGeneratedHAL.o
LOAD ./TouchGFX/target/generated/tgfx_jpeg_utils.o
LOAD ./Utilities/JPEG/jpeg_utils.o
LOAD ../TouchGFX/generated/videos/obj/SampleVideo2_216x216.bin.o
LOAD E:\Workspace\Video_Vrode_Poloski\Video\Middlewares\ST\touchgfx\lib\core\cortex_m7\gcc\libtouchgfx-float-abi-hard.a
START GROUP
LOAD c:/st/stm32cubeide_1.7.0/stm32cubeide/plugins/com.st.stm32cube.ide.mcu.externaltools.gnu-tools-for-stm32.10.3-2021.10.win32_1.0.0.202111181127/tools/bin/../lib/gcc/arm-none-eabi/10.3.1/../../../../arm-none-eabi/lib/thumb/v7e-m+dp/hard\libstdc++_nano.a
LOAD c:/st/stm32cubeide_1.7.0/stm32cubeide/plugins/com.st.stm32cube.ide.mcu.externaltools.gnu-tools-for-stm32.10.3-2021.10.win32_1.0.0.202111181127/tools/bin/../lib/gcc/arm-none-eabi/10.3.1/../../../../arm-none-eabi/lib/thumb/v7e-m+dp/hard\libsupc++_nano.a
END GROUP
LOAD c:/st/stm32cubeide_1.7.0/stm32cubeide/plugins/com.st.stm32cube.ide.mcu.externaltools.gnu-tools-for-stm32.10.3-2021.10.win32_1.0.0.202111181127/tools/bin/../lib/gcc/arm-none-eabi/10.3.1/../../../../arm-none-eabi/lib/thumb/v7e-m+dp/hard\libstdc++_nano.a
LOAD c:/st/stm32cubeide_1.7.0/stm32cubeide/plugins/com.st.stm32cube.ide.mcu.externaltools.gnu-tools-for-stm32.10.3-2021.10.win32_1.0.0.202111181127/tools/bin/../lib/gcc/arm-none-eabi/10.3.1/../../../../arm-none-eabi/lib/thumb/v7e-m+dp/hard\libm.a
LOAD c:/st/stm32cubeide_1.7.0/stm32cubeide/plugins/com.st.stm32cube.ide.mcu.externaltools.gnu-tools-for-stm32.10.3-2021.10.win32_1.0.0.202111181127/tools/bin/../lib/gcc/arm-none-eabi/10.3.1/../../../../arm-none-eabi/lib/thumb/v7e-m+dp/hard\libc_nano.a
START GROUP
LOAD c:/st/stm32cubeide_1.7.0/stm32cubeide/plugins/com.st.stm32cube.ide.mcu.externaltools.gnu-tools-for-stm32.10.3-2021.10.win32_1.0.0.202111181127/tools/bin/../lib/gcc/arm-none-eabi/10.3.1/thumb/v7e-m+dp/hard\libgcc.a
LOAD c:/st/stm32cubeide_1.7.0/stm32cubeide/plugins/com.st.stm32cube.ide.mcu.externaltools.gnu-tools-for-stm32.10.3-2021.10.win32_1.0.0.202111181127/tools/bin/../lib/gcc/arm-none-eabi/10.3.1/../../../../arm-none-eabi/lib/thumb/v7e-m+dp/hard\libc_nano.a
END GROUP
START GROUP
LOAD c:/st/stm32cubeide_1.7.0/stm32cubeide/plugins/com.st.stm32cube.ide.mcu.externaltools.gnu-tools-for-stm32.10.3-2021.10.win32_1.0.0.202111181127/tools/bin/../lib/gcc/arm-none-eabi/10.3.1/thumb/v7e-m+dp/hard\libgcc.a
LOAD c:/st/stm32cubeide_1.7.0/stm32cubeide/plugins/com.st.stm32cube.ide.mcu.externaltools.gnu-tools-for-stm32.10.3-2021.10.win32_1.0.0.202111181127/tools/bin/../lib/gcc/arm-none-eabi/10.3.1/../../../../arm-none-eabi/lib/thumb/v7e-m+dp/hard\libc_nano.a
LOAD c:/st/stm32cubeide_1.7.0/stm32cubeide/plugins/com.st.stm32cube.ide.mcu.externaltools.gnu-tools-for-stm32.10.3-2021.10.win32_1.0.0.202111181127/tools/bin/../lib/gcc/arm-none-eabi/10.3.1/../../../../arm-none-eabi/lib/thumb/v7e-m+dp/hard\libnosys.a
END GROUP
START GROUP
LOAD c:/st/stm32cubeide_1.7.0/stm32cubeide/plugins/com.st.stm32cube.ide.mcu.externaltools.gnu-tools-for-stm32.10.3-2021.10.win32_1.0.0.202111181127/tools/bin/../lib/gcc/arm-none-eabi/10.3.1/thumb/v7e-m+dp/hard\libgcc.a
LOAD c:/st/stm32cubeide_1.7.0/stm32cubeide/plugins/com.st.stm32cube.ide.mcu.externaltools.gnu-tools-for-stm32.10.3-2021.10.win32_1.0.0.202111181127/tools/bin/../lib/gcc/arm-none-eabi/10.3.1/../../../../arm-none-eabi/lib/thumb/v7e-m+dp/hard\libc_nano.a
LOAD c:/st/stm32cubeide_1.7.0/stm32cubeide/plugins/com.st.stm32cube.ide.mcu.externaltools.gnu-tools-for-stm32.10.3-2021.10.win32_1.0.0.202111181127/tools/bin/../lib/gcc/arm-none-eabi/10.3.1/../../../../arm-none-eabi/lib/thumb/v7e-m+dp/hard\libnosys.a
END GROUP
LOAD c:/st/stm32cubeide_1.7.0/stm32cubeide/plugins/com.st.stm32cube.ide.mcu.externaltools.gnu-tools-for-stm32.10.3-2021.10.win32_1.0.0.202111181127/tools/bin/../lib/gcc/arm-none-eabi/10.3.1/thumb/v7e-m+dp/hard/crtend.o
LOAD c:/st/stm32cubeide_1.7.0/stm32cubeide/plugins/com.st.stm32cube.ide.mcu.externaltools.gnu-tools-for-stm32.10.3-2021.10.win32_1.0.0.202111181127/tools/bin/../lib/gcc/arm-none-eabi/10.3.1/thumb/v7e-m+dp/hard/crtn.o
                0x0000000024080000                _estack = (ORIGIN (RAM_D1) + LENGTH (RAM_D1))
                0x0000000000000200                _Min_Heap_Size = 0x200
                0x0000000000000400                _Min_Stack_Size = 0x400

.isr_vector     0x0000000008000000      0x298
                0x0000000008000000                . = ALIGN (0x4)
 *(.isr_vector)
 .isr_vector    0x0000000008000000      0x298 ./Core/Startup/startup_stm32h743vitx.o
                0x0000000008000000                g_pfnVectors
                0x0000000008000298                . = ALIGN (0x4)

.text           0x00000000080002a0    0x1f13c
                0x00000000080002a0                . = ALIGN (0x4)
 *(.text)
 .text          0x00000000080002a0       0x40 c:/st/stm32cubeide_1.7.0/stm32cubeide/plugins/com.st.stm32cube.ide.mcu.externaltools.gnu-tools-for-stm32.10.3-2021.10.win32_1.0.0.202111181127/tools/bin/../lib/gcc/arm-none-eabi/10.3.1/thumb/v7e-m+dp/hard/crtbegin.o
 .text          0x00000000080002e0       0xa0 c:/st/stm32cubeide_1.7.0/stm32cubeide/plugins/com.st.stm32cube.ide.mcu.externaltools.gnu-tools-for-stm32.10.3-2021.10.win32_1.0.0.202111181127/tools/bin/../lib/gcc/arm-none-eabi/10.3.1/../../../../arm-none-eabi/lib/thumb/v7e-m+dp/hard\libc_nano.a(lib_a-memchr.o)
                0x00000000080002e0                memchr
 *(.text*)
 .text.MX_CRC_Init
                0x0000000008000380       0x2c ./Core/Src/crc.o
                0x0000000008000380                MX_CRC_Init
 .text.HAL_CRC_MspInit
                0x00000000080003ac       0x30 ./Core/Src/crc.o
                0x00000000080003ac                HAL_CRC_MspInit
 .text.MX_DMA2D_Init
                0x00000000080003dc       0x54 ./Core/Src/dma2d.o
                0x00000000080003dc                MX_DMA2D_Init
 .text.HAL_DMA2D_MspInit
                0x0000000008000430       0x48 ./Core/Src/dma2d.o
                0x0000000008000430                HAL_DMA2D_MspInit
 .text.StartDefaultTask
                0x0000000008000478        0xc ./Core/Src/freertos.o
                0x0000000008000478                StartDefaultTask
 .text.vApplicationIdleHook
                0x0000000008000484        0x4 ./Core/Src/freertos.o
                0x0000000008000484                vApplicationIdleHook
 .text.vApplicationStackOverflowHook
                0x0000000008000488        0x4 ./Core/Src/freertos.o
                0x0000000008000488                vApplicationStackOverflowHook
 .text.MX_FREERTOS_Init
                0x000000000800048c       0x58 ./Core/Src/freertos.o
                0x000000000800048c                MX_FREERTOS_Init
 .text.MX_GPIO_Init
                0x00000000080004e4       0xd0 ./Core/Src/gpio.o
                0x00000000080004e4                MX_GPIO_Init
 .text.MX_JPEG_Init
                0x00000000080005b4       0x20 ./Core/Src/jpeg.o
                0x00000000080005b4                MX_JPEG_Init
 .text.HAL_JPEG_MspInit
                0x00000000080005d4      0x110 ./Core/Src/jpeg.o
                0x00000000080005d4                HAL_JPEG_MspInit
 .text.MX_LTDC_Init
                0x00000000080006e4       0xa4 ./Core/Src/ltdc.o
                0x00000000080006e4                MX_LTDC_Init
 .text.HAL_LTDC_MspInit
                0x0000000008000788      0x1b8 ./Core/Src/ltdc.o
                0x0000000008000788                HAL_LTDC_MspInit
 .text.SystemClock_Config
                0x0000000008000940       0xe4 ./Core/Src/main.o
                0x0000000008000940                SystemClock_Config
 .text.PeriphCommonClock_Config
                0x0000000008000a24       0x2c ./Core/Src/main.o
                0x0000000008000a24                PeriphCommonClock_Config
 .text.startup.main
                0x0000000008000a50       0x4c ./Core/Src/main.o
                0x0000000008000a50                main
 .text.HAL_TIM_PeriodElapsedCallback
                0x0000000008000a9c       0x10 ./Core/Src/main.o
                0x0000000008000a9c                HAL_TIM_PeriodElapsedCallback
 .text.Error_Handler
                0x0000000008000aac        0x4 ./Core/Src/main.o
                0x0000000008000aac                Error_Handler
 .text.MX_MDMA_Init
                0x0000000008000ab0       0x38 ./Core/Src/mdma.o
                0x0000000008000ab0                MX_MDMA_Init
 .text.MX_QUADSPI_Init
                0x0000000008000ae8       0x3c ./Core/Src/quadspi.o
                0x0000000008000ae8                MX_QUADSPI_Init
 .text.HAL_QSPI_MspInit
                0x0000000008000b24      0x130 ./Core/Src/quadspi.o
                0x0000000008000b24                HAL_QSPI_MspInit
 .text.HAL_MspInit
                0x0000000008000c54       0x34 ./Core/Src/stm32h7xx_hal_msp.o
                0x0000000008000c54                HAL_MspInit
 .text.HAL_InitTick
                0x0000000008000c88       0x9c ./Core/Src/stm32h7xx_hal_timebase_tim.o
                0x0000000008000c88                HAL_InitTick
 .text.NMI_Handler
                0x0000000008000d24        0x4 ./Core/Src/stm32h7xx_it.o
                0x0000000008000d24                NMI_Handler
 .text.HardFault_Handler
                0x0000000008000d28        0x4 ./Core/Src/stm32h7xx_it.o
                0x0000000008000d28                HardFault_Handler
 .text.MemManage_Handler
                0x0000000008000d2c        0x4 ./Core/Src/stm32h7xx_it.o
                0x0000000008000d2c                MemManage_Handler
 .text.BusFault_Handler
                0x0000000008000d30        0x4 ./Core/Src/stm32h7xx_it.o
                0x0000000008000d30                BusFault_Handler
 .text.UsageFault_Handler
                0x0000000008000d34        0x4 ./Core/Src/stm32h7xx_it.o
                0x0000000008000d34                UsageFault_Handler
 .text.DebugMon_Handler
                0x0000000008000d38        0x4 ./Core/Src/stm32h7xx_it.o
                0x0000000008000d38                DebugMon_Handler
 .text.TIM2_IRQHandler
                0x0000000008000d3c        0xc ./Core/Src/stm32h7xx_it.o
                0x0000000008000d3c                TIM2_IRQHandler
 .text.LTDC_IRQHandler
                0x0000000008000d48        0xc ./Core/Src/stm32h7xx_it.o
                0x0000000008000d48                LTDC_IRQHandler
 .text.DMA2D_IRQHandler
                0x0000000008000d54        0xc ./Core/Src/stm32h7xx_it.o
                0x0000000008000d54                DMA2D_IRQHandler
 .text.JPEG_IRQHandler
                0x0000000008000d60        0xc ./Core/Src/stm32h7xx_it.o
                0x0000000008000d60                JPEG_IRQHandler
 .text.MDMA_IRQHandler
                0x0000000008000d6c       0x1c ./Core/Src/stm32h7xx_it.o
                0x0000000008000d6c                MDMA_IRQHandler
 .text._getpid  0x0000000008000d88        0x4 ./Core/Src/syscalls.o
                0x0000000008000d88                _getpid
 .text._kill    0x0000000008000d8c       0x14 ./Core/Src/syscalls.o
                0x0000000008000d8c                _kill
 .text._exit    0x0000000008000da0        0xc ./Core/Src/syscalls.o
                0x0000000008000da0                _exit
 .text._read    0x0000000008000dac       0x1c ./Core/Src/syscalls.o
                0x0000000008000dac                _read
 .text._write   0x0000000008000dc8       0x1c ./Core/Src/syscalls.o
                0x0000000008000dc8                _write
 .text._close   0x0000000008000de4        0x8 ./Core/Src/syscalls.o
                0x0000000008000de4                _close
 .text._fstat   0x0000000008000dec        0xc ./Core/Src/syscalls.o
                0x0000000008000dec                _fstat
 .text._isatty  0x0000000008000df8        0x4 ./Core/Src/syscalls.o
                0x0000000008000df8                _isatty
 .text._lseek   0x0000000008000dfc        0x4 ./Core/Src/syscalls.o
                0x0000000008000dfc                _lseek
 .text._sbrk    0x0000000008000e00       0x48 ./Core/Src/sysmem.o
                0x0000000008000e00                _sbrk
 .text.SystemInit
                0x0000000008000e48       0xcc ./Core/Src/system_stm32h7xx.o
                0x0000000008000e48                SystemInit
 .text.W25Q128JV_Init
                0x0000000008000f14      0x178 ./Core/Src/w25q128jv.o
                0x0000000008000f14                W25Q128JV_Init
 .text.W25Q128JV_MemoryMapped
                0x000000000800108c       0x50 ./Core/Src/w25q128jv.o
                0x000000000800108c                W25Q128JV_MemoryMapped
 .text.Reset_Handler
                0x00000000080010dc       0x50 ./Core/Startup/startup_stm32h743vitx.o
                0x00000000080010dc                Reset_Handler
 .text.Default_Handler
                0x000000000800112c        0x2 ./Core/Startup/startup_stm32h743vitx.o
                0x000000000800112c                RTC_Alarm_IRQHandler
                0x000000000800112c                EXTI2_IRQHandler
                0x000000000800112c                TIM8_CC_IRQHandler
                0x000000000800112c                HRTIM1_Master_IRQHandler
                0x000000000800112c                UART8_IRQHandler
                0x000000000800112c                SPI4_IRQHandler
                0x000000000800112c                TIM1_CC_IRQHandler
                0x000000000800112c                BDMA_Channel6_IRQHandler
                0x000000000800112c                DMA2_Stream5_IRQHandler
                0x000000000800112c                HRTIM1_FLT_IRQHandler
                0x000000000800112c                DMA1_Stream5_IRQHandler
                0x000000000800112c                BDMA_Channel1_IRQHandler
                0x000000000800112c                HRTIM1_TIMD_IRQHandler
                0x000000000800112c                TAMP_STAMP_IRQHandler
                0x000000000800112c                EXTI3_IRQHandler
                0x000000000800112c                LPTIM4_IRQHandler
                0x000000000800112c                TIM8_TRG_COM_TIM14_IRQHandler
                0x000000000800112c                LPTIM2_IRQHandler
                0x000000000800112c                DFSDM1_FLT1_IRQHandler
                0x000000000800112c                DMAMUX2_OVR_IRQHandler
                0x000000000800112c                TIM8_UP_TIM13_IRQHandler
                0x000000000800112c                I2C3_ER_IRQHandler
                0x000000000800112c                DFSDM1_FLT2_IRQHandler
                0x000000000800112c                LPTIM3_IRQHandler
                0x000000000800112c                HSEM1_IRQHandler
                0x000000000800112c                EXTI0_IRQHandler
                0x000000000800112c                I2C2_EV_IRQHandler
                0x000000000800112c                DMA1_Stream2_IRQHandler
                0x000000000800112c                FPU_IRQHandler
                0x000000000800112c                OTG_HS_WKUP_IRQHandler
                0x000000000800112c                FDCAN1_IT1_IRQHandler
                0x000000000800112c                LTDC_ER_IRQHandler
                0x000000000800112c                DMA2_Stream2_IRQHandler
                0x000000000800112c                HRTIM1_TIME_IRQHandler
                0x000000000800112c                SPI1_IRQHandler
                0x000000000800112c                TIM6_DAC_IRQHandler
                0x000000000800112c                DCMI_IRQHandler
                0x000000000800112c                HRTIM1_TIMC_IRQHandler
                0x000000000800112c                DMA2_Stream3_IRQHandler
                0x000000000800112c                SAI2_IRQHandler
                0x000000000800112c                DFSDM1_FLT3_IRQHandler
                0x000000000800112c                USART6_IRQHandler
                0x000000000800112c                TIM17_IRQHandler
                0x000000000800112c                USART3_IRQHandler
                0x000000000800112c                BDMA_Channel7_IRQHandler
                0x000000000800112c                LPTIM5_IRQHandler
                0x000000000800112c                UART5_IRQHandler
                0x000000000800112c                ADC3_IRQHandler
                0x000000000800112c                DMA2_Stream0_IRQHandler
                0x000000000800112c                TIM4_IRQHandler
                0x000000000800112c                BDMA_Channel2_IRQHandler
                0x000000000800112c                QUADSPI_IRQHandler
                0x000000000800112c                I2C1_EV_IRQHandler
                0x000000000800112c                DMA1_Stream6_IRQHandler
                0x000000000800112c                DMAMUX1_OVR_IRQHandler
                0x000000000800112c                DMA1_Stream1_IRQHandler
                0x000000000800112c                TIM16_IRQHandler
                0x000000000800112c                UART4_IRQHandler
                0x000000000800112c                BDMA_Channel5_IRQHandler
                0x000000000800112c                TIM3_IRQHandler
                0x000000000800112c                RCC_IRQHandler
                0x000000000800112c                TIM8_BRK_TIM12_IRQHandler
                0x000000000800112c                TIM1_TRG_COM_IRQHandler
                0x000000000800112c                Default_Handler
                0x000000000800112c                ECC_IRQHandler
                0x000000000800112c                CEC_IRQHandler
                0x000000000800112c                EXTI15_10_IRQHandler
                0x000000000800112c                BDMA_Channel0_IRQHandler
                0x000000000800112c                ADC_IRQHandler
                0x000000000800112c                DMA1_Stream7_IRQHandler
                0x000000000800112c                HRTIM1_TIMA_IRQHandler
                0x000000000800112c                SPI5_IRQHandler
                0x000000000800112c                TIM7_IRQHandler
                0x000000000800112c                SDMMC1_IRQHandler
                0x000000000800112c                TIM5_IRQHandler
                0x000000000800112c                DMA2_Stream7_IRQHandler
                0x000000000800112c                TIM15_IRQHandler
                0x000000000800112c                PVD_AVD_IRQHandler
                0x000000000800112c                I2C3_EV_IRQHandler
                0x000000000800112c                EXTI9_5_IRQHandler
                0x000000000800112c                RTC_WKUP_IRQHandler
                0x000000000800112c                SAI3_IRQHandler
                0x000000000800112c                ETH_WKUP_IRQHandler
                0x000000000800112c                SPDIF_RX_IRQHandler
                0x000000000800112c                SPI2_IRQHandler
                0x000000000800112c                OTG_HS_EP1_IN_IRQHandler
                0x000000000800112c                DMA1_Stream0_IRQHandler
                0x000000000800112c                CRS_IRQHandler
                0x000000000800112c                EXTI4_IRQHandler
                0x000000000800112c                RNG_IRQHandler
                0x000000000800112c                HRTIM1_TIMB_IRQHandler
                0x000000000800112c                FDCAN2_IT1_IRQHandler
                0x000000000800112c                ETH_IRQHandler
                0x000000000800112c                TIM1_UP_IRQHandler
                0x000000000800112c                BDMA_Channel4_IRQHandler
                0x000000000800112c                OTG_HS_EP1_OUT_IRQHandler
                0x000000000800112c                WWDG_IRQHandler
                0x000000000800112c                SPI6_IRQHandler
                0x000000000800112c                MDIOS_IRQHandler
                0x000000000800112c                I2C4_EV_IRQHandler
                0x000000000800112c                FDCAN2_IT0_IRQHandler
                0x000000000800112c                LPUART1_IRQHandler
                0x000000000800112c                FDCAN1_IT0_IRQHandler
                0x000000000800112c                OTG_FS_WKUP_IRQHandler
                0x000000000800112c                OTG_HS_IRQHandler
                0x000000000800112c                TIM1_BRK_IRQHandler
                0x000000000800112c                EXTI1_IRQHandler
                0x000000000800112c                SDMMC2_IRQHandler
                0x000000000800112c                OTG_FS_EP1_OUT_IRQHandler
                0x000000000800112c                BDMA_Channel3_IRQHandler
                0x000000000800112c                UART7_IRQHandler
                0x000000000800112c                MDIOS_WKUP_IRQHandler
                0x000000000800112c                USART2_IRQHandler
                0x000000000800112c                DFSDM1_FLT0_IRQHandler
                0x000000000800112c                SAI4_IRQHandler
                0x000000000800112c                I2C2_ER_IRQHandler
                0x000000000800112c                DMA2_Stream1_IRQHandler
                0x000000000800112c                FLASH_IRQHandler
                0x000000000800112c                DMA2_Stream4_IRQHandler
                0x000000000800112c                USART1_IRQHandler
                0x000000000800112c                OTG_FS_IRQHandler
                0x000000000800112c                SPI3_IRQHandler
                0x000000000800112c                WAKEUP_PIN_IRQHandler
                0x000000000800112c                DMA1_Stream4_IRQHandler
                0x000000000800112c                OTG_FS_EP1_IN_IRQHandler
                0x000000000800112c                I2C1_ER_IRQHandler
                0x000000000800112c                FMC_IRQHandler
                0x000000000800112c                FDCAN_CAL_IRQHandler
                0x000000000800112c                SWPMI1_IRQHandler
                0x000000000800112c                COMP1_IRQHandler
                0x000000000800112c                LPTIM1_IRQHandler
                0x000000000800112c                I2C4_ER_IRQHandler
                0x000000000800112c                DMA2_Stream6_IRQHandler
                0x000000000800112c                SAI1_IRQHandler
                0x000000000800112c                DMA1_Stream3_IRQHandler
 *fill*         0x000000000800112e        0x2 
 .text.HAL_Init
                0x0000000008001130       0x60 ./Drivers/STM32H7xx_HAL_Driver/Src/stm32h7xx_hal.o
                0x0000000008001130                HAL_Init
 .text.HAL_IncTick
                0x0000000008001190       0x18 ./Drivers/STM32H7xx_HAL_Driver/Src/stm32h7xx_hal.o
                0x0000000008001190                HAL_IncTick
 .text.HAL_GetTick
                0x00000000080011a8        0xc ./Drivers/STM32H7xx_HAL_Driver/Src/stm32h7xx_hal.o
                0x00000000080011a8                HAL_GetTick
 .text.HAL_GetREVID
                0x00000000080011b4        0xc ./Drivers/STM32H7xx_HAL_Driver/Src/stm32h7xx_hal.o
                0x00000000080011b4                HAL_GetREVID
 .text.HAL_NVIC_SetPriorityGrouping
                0x00000000080011c0       0x24 ./Drivers/STM32H7xx_HAL_Driver/Src/stm32h7xx_hal_cortex.o
                0x00000000080011c0                HAL_NVIC_SetPriorityGrouping
 .text.HAL_NVIC_SetPriority
                0x00000000080011e4       0x7c ./Drivers/STM32H7xx_HAL_Driver/Src/stm32h7xx_hal_cortex.o
                0x00000000080011e4                HAL_NVIC_SetPriority
 .text.HAL_NVIC_EnableIRQ
                0x0000000008001260       0x1c ./Drivers/STM32H7xx_HAL_Driver/Src/stm32h7xx_hal_cortex.o
                0x0000000008001260                HAL_NVIC_EnableIRQ
 .text.HAL_CRC_Init
                0x000000000800127c       0x7c ./Drivers/STM32H7xx_HAL_Driver/Src/stm32h7xx_hal_crc.o
                0x000000000800127c                HAL_CRC_Init
 .text.HAL_CRCEx_Polynomial_Set
                0x00000000080012f8       0x70 ./Drivers/STM32H7xx_HAL_Driver/Src/stm32h7xx_hal_crc_ex.o
                0x00000000080012f8                HAL_CRCEx_Polynomial_Set
 .text.HAL_DMA2D_Init
                0x0000000008001368       0x80 ./Drivers/STM32H7xx_HAL_Driver/Src/stm32h7xx_hal_dma2d.o
                0x0000000008001368                HAL_DMA2D_Init
 .text.HAL_DMA2D_LineEventCallback
                0x00000000080013e8        0x4 ./Drivers/STM32H7xx_HAL_Driver/Src/stm32h7xx_hal_dma2d.o
                0x00000000080013e8                HAL_DMA2D_LineEventCallback
 .text.HAL_DMA2D_CLUTLoadingCpltCallback
                0x00000000080013ec        0x4 ./Drivers/STM32H7xx_HAL_Driver/Src/stm32h7xx_hal_dma2d.o
                0x00000000080013ec                HAL_DMA2D_CLUTLoadingCpltCallback
 .text.HAL_DMA2D_IRQHandler
                0x00000000080013f0      0x128 ./Drivers/STM32H7xx_HAL_Driver/Src/stm32h7xx_hal_dma2d.o
                0x00000000080013f0                HAL_DMA2D_IRQHandler
 .text.HAL_DMA2D_ConfigLayer
                0x0000000008001518       0xe0 ./Drivers/STM32H7xx_HAL_Driver/Src/stm32h7xx_hal_dma2d.o
                0x0000000008001518                HAL_DMA2D_ConfigLayer
 .text.HAL_GPIO_Init
                0x00000000080015f8      0x274 ./Drivers/STM32H7xx_HAL_Driver/Src/stm32h7xx_hal_gpio.o
                0x00000000080015f8                HAL_GPIO_Init
 .text.HAL_GPIO_WritePin
                0x000000000800186c        0x8 ./Drivers/STM32H7xx_HAL_Driver/Src/stm32h7xx_hal_gpio.o
                0x000000000800186c                HAL_GPIO_WritePin
 .text.HAL_I2CEx_EnableFastModePlus
                0x0000000008001874       0x38 ./Drivers/STM32H7xx_HAL_Driver/Src/stm32h7xx_hal_i2c_ex.o
                0x0000000008001874                HAL_I2CEx_EnableFastModePlus
 .text.JPEG_Bits_To_SizeCodes
                0x00000000080018ac       0x9c ./Drivers/STM32H7xx_HAL_Driver/Src/stm32h7xx_hal_jpeg.o
 .text.JPEG_DCHuff_BitsVals_To_SizeCodes
                0x0000000008001948       0x54 ./Drivers/STM32H7xx_HAL_Driver/Src/stm32h7xx_hal_jpeg.o
 .text.JPEG_Set_HuffDC_Mem
                0x000000000800199c      0x130 ./Drivers/STM32H7xx_HAL_Driver/Src/stm32h7xx_hal_jpeg.o
 .text.JPEG_Set_HuffAC_Mem
                0x0000000008001acc      0x110 ./Drivers/STM32H7xx_HAL_Driver/Src/stm32h7xx_hal_jpeg.o
 .text.JPEG_Init_Process
                0x0000000008001bdc       0x7c ./Drivers/STM32H7xx_HAL_Driver/Src/stm32h7xx_hal_jpeg.o
 .text.JPEG_DMA_StartProcess
                0x0000000008001c58       0x9c ./Drivers/STM32H7xx_HAL_Driver/Src/stm32h7xx_hal_jpeg.o
 .text.HAL_JPEG_GetInfo.part.0
                0x0000000008001cf4      0x1b4 ./Drivers/STM32H7xx_HAL_Driver/Src/stm32h7xx_hal_jpeg.o
 .text.HAL_JPEG_Init
                0x0000000008001ea8      0x26c ./Drivers/STM32H7xx_HAL_Driver/Src/stm32h7xx_hal_jpeg.o
                0x0000000008001ea8                HAL_JPEG_Init
 .text.HAL_JPEG_Decode_DMA
                0x0000000008002114       0x84 ./Drivers/STM32H7xx_HAL_Driver/Src/stm32h7xx_hal_jpeg.o
                0x0000000008002114                HAL_JPEG_Decode_DMA
 .text.HAL_JPEG_Pause
                0x0000000008002198       0x70 ./Drivers/STM32H7xx_HAL_Driver/Src/stm32h7xx_hal_jpeg.o
                0x0000000008002198                HAL_JPEG_Pause
 .text.HAL_JPEG_ConfigInputBuffer
                0x0000000008002208        0x8 ./Drivers/STM32H7xx_HAL_Driver/Src/stm32h7xx_hal_jpeg.o
                0x0000000008002208                HAL_JPEG_ConfigInputBuffer
 .text.HAL_JPEG_ConfigOutputBuffer
                0x0000000008002210        0x8 ./Drivers/STM32H7xx_HAL_Driver/Src/stm32h7xx_hal_jpeg.o
                0x0000000008002210                HAL_JPEG_ConfigOutputBuffer
 .text.HAL_JPEG_EncodeCpltCallback
                0x0000000008002218        0x4 ./Drivers/STM32H7xx_HAL_Driver/Src/stm32h7xx_hal_jpeg.o
                0x0000000008002218                HAL_JPEG_EncodeCpltCallback
 .text.JPEG_MDMAErrorCallback
                0x000000000800221c       0x2c ./Drivers/STM32H7xx_HAL_Driver/Src/stm32h7xx_hal_jpeg.o
 .text.JPEG_MDMAInCpltCallback
                0x0000000008002248       0xac ./Drivers/STM32H7xx_HAL_Driver/Src/stm32h7xx_hal_jpeg.o
 .text.JPEG_DMA_PollResidualData
                0x00000000080022f4       0xb4 ./Drivers/STM32H7xx_HAL_Driver/Src/stm32h7xx_hal_jpeg.o
 .text.HAL_JPEG_Resume
                0x00000000080023a8       0xf0 ./Drivers/STM32H7xx_HAL_Driver/Src/stm32h7xx_hal_jpeg.o
                0x00000000080023a8                HAL_JPEG_Resume
 .text.JPEG_MDMAOutCpltCallback
                0x0000000008002498       0x84 ./Drivers/STM32H7xx_HAL_Driver/Src/stm32h7xx_hal_jpeg.o
 .text.JPEG_MDMAOutAbortCallback
                0x000000000800251c       0x94 ./Drivers/STM32H7xx_HAL_Driver/Src/stm32h7xx_hal_jpeg.o
 .text.JPEG_Process
                0x00000000080025b0      0x848 ./Drivers/STM32H7xx_HAL_Driver/Src/stm32h7xx_hal_jpeg.o
 .text.HAL_JPEG_IRQHandler
                0x0000000008002df8      0x144 ./Drivers/STM32H7xx_HAL_Driver/Src/stm32h7xx_hal_jpeg.o
                0x0000000008002df8                HAL_JPEG_IRQHandler
 .text.HAL_JPEG_GetState
                0x0000000008002f3c        0x8 ./Drivers/STM32H7xx_HAL_Driver/Src/stm32h7xx_hal_jpeg.o
                0x0000000008002f3c                HAL_JPEG_GetState
 .text.HAL_JPEG_GetError
                0x0000000008002f44        0x4 ./Drivers/STM32H7xx_HAL_Driver/Src/stm32h7xx_hal_jpeg.o
                0x0000000008002f44                HAL_JPEG_GetError
 .text.HAL_LTDC_Init
                0x0000000008002f48       0xdc ./Drivers/STM32H7xx_HAL_Driver/Src/stm32h7xx_hal_ltdc.o
                0x0000000008002f48                HAL_LTDC_Init
 .text.HAL_LTDC_ErrorCallback
                0x0000000008003024        0x4 ./Drivers/STM32H7xx_HAL_Driver/Src/stm32h7xx_hal_ltdc.o
                0x0000000008003024                HAL_LTDC_ErrorCallback
 .text.HAL_LTDC_ReloadEventCallback
                0x0000000008003028        0x4 ./Drivers/STM32H7xx_HAL_Driver/Src/stm32h7xx_hal_ltdc.o
                0x0000000008003028                HAL_LTDC_ReloadEventCallback
 .text.HAL_LTDC_IRQHandler
                0x000000000800302c       0xc4 ./Drivers/STM32H7xx_HAL_Driver/Src/stm32h7xx_hal_ltdc.o
                0x000000000800302c                HAL_LTDC_IRQHandler
 .text.HAL_LTDC_ConfigLayer
                0x00000000080030f0      0x1a8 ./Drivers/STM32H7xx_HAL_Driver/Src/stm32h7xx_hal_ltdc.o
                0x00000000080030f0                HAL_LTDC_ConfigLayer
 .text.HAL_LTDC_ProgramLineEvent
                0x0000000008003298       0x44 ./Drivers/STM32H7xx_HAL_Driver/Src/stm32h7xx_hal_ltdc.o
                0x0000000008003298                HAL_LTDC_ProgramLineEvent
 .text.HAL_MDMA_Init
                0x00000000080032dc       0xf4 ./Drivers/STM32H7xx_HAL_Driver/Src/stm32h7xx_hal_mdma.o
                0x00000000080032dc                HAL_MDMA_Init
 .text.HAL_MDMA_ConfigPostRequestMask
                0x00000000080033d0       0x60 ./Drivers/STM32H7xx_HAL_Driver/Src/stm32h7xx_hal_mdma.o
                0x00000000080033d0                HAL_MDMA_ConfigPostRequestMask
 .text.HAL_MDMA_Start_IT
                0x0000000008003430       0xf8 ./Drivers/STM32H7xx_HAL_Driver/Src/stm32h7xx_hal_mdma.o
                0x0000000008003430                HAL_MDMA_Start_IT
 .text.HAL_MDMA_Abort_IT
                0x0000000008003528       0x2c ./Drivers/STM32H7xx_HAL_Driver/Src/stm32h7xx_hal_mdma.o
                0x0000000008003528                HAL_MDMA_Abort_IT
 .text.HAL_MDMA_IRQHandler
                0x0000000008003554      0x17c ./Drivers/STM32H7xx_HAL_Driver/Src/stm32h7xx_hal_mdma.o
                0x0000000008003554                HAL_MDMA_IRQHandler
 .text.HAL_PWREx_ConfigSupply
                0x00000000080036d0       0x48 ./Drivers/STM32H7xx_HAL_Driver/Src/stm32h7xx_hal_pwr_ex.o
                0x00000000080036d0                HAL_PWREx_ConfigSupply
 .text.QSPI_Config
                0x0000000008003718      0x174 ./Drivers/STM32H7xx_HAL_Driver/Src/stm32h7xx_hal_qspi.o
 .text.HAL_QSPI_Init
                0x000000000800388c       0xb8 ./Drivers/STM32H7xx_HAL_Driver/Src/stm32h7xx_hal_qspi.o
                0x000000000800388c                HAL_QSPI_Init
 .text.HAL_QSPI_Command
                0x0000000008003944       0xd4 ./Drivers/STM32H7xx_HAL_Driver/Src/stm32h7xx_hal_qspi.o
                0x0000000008003944                HAL_QSPI_Command
 .text.HAL_QSPI_Transmit
                0x0000000008003a18       0xfc ./Drivers/STM32H7xx_HAL_Driver/Src/stm32h7xx_hal_qspi.o
                0x0000000008003a18                HAL_QSPI_Transmit
 .text.HAL_QSPI_Receive
                0x0000000008003b14      0x108 ./Drivers/STM32H7xx_HAL_Driver/Src/stm32h7xx_hal_qspi.o
                0x0000000008003b14                HAL_QSPI_Receive
 .text.HAL_QSPI_MemoryMapped
                0x0000000008003c1c       0xc0 ./Drivers/STM32H7xx_HAL_Driver/Src/stm32h7xx_hal_qspi.o
                0x0000000008003c1c                HAL_QSPI_MemoryMapped
 .text.HAL_RCC_GetSysClockFreq.part.0
                0x0000000008003cdc      0x108 ./Drivers/STM32H7xx_HAL_Driver/Src/stm32h7xx_hal_rcc.o
 .text.HAL_RCC_OscConfig
                0x0000000008003de4      0x5e8 ./Drivers/STM32H7xx_HAL_Driver/Src/stm32h7xx_hal_rcc.o
                0x0000000008003de4                HAL_RCC_OscConfig
 .text.HAL_RCC_GetSysClockFreq
                0x00000000080043cc      0x140 ./Drivers/STM32H7xx_HAL_Driver/Src/stm32h7xx_hal_rcc.o
                0x00000000080043cc                HAL_RCC_GetSysClockFreq
 .text.HAL_RCC_ClockConfig
                0x000000000800450c      0x250 ./Drivers/STM32H7xx_HAL_Driver/Src/stm32h7xx_hal_rcc.o
                0x000000000800450c                HAL_RCC_ClockConfig
 .text.HAL_RCC_GetPCLK1Freq
                0x000000000800475c       0x90 ./Drivers/STM32H7xx_HAL_Driver/Src/stm32h7xx_hal_rcc.o
                0x000000000800475c                HAL_RCC_GetPCLK1Freq
 .text.HAL_RCC_GetClockConfig
                0x00000000080047ec       0x58 ./Drivers/STM32H7xx_HAL_Driver/Src/stm32h7xx_hal_rcc.o
                0x00000000080047ec                HAL_RCC_GetClockConfig
 .text.RCCEx_PLL2_Config
                0x0000000008004844       0xf4 ./Drivers/STM32H7xx_HAL_Driver/Src/stm32h7xx_hal_rcc_ex.o
 .text.RCCEx_PLL3_Config
                0x0000000008004938       0xf4 ./Drivers/STM32H7xx_HAL_Driver/Src/stm32h7xx_hal_rcc_ex.o
 .text.HAL_RCCEx_PeriphCLKConfig
                0x0000000008004a2c      0xbf8 ./Drivers/STM32H7xx_HAL_Driver/Src/stm32h7xx_hal_rcc_ex.o
                0x0000000008004a2c                HAL_RCCEx_PeriphCLKConfig
 .text.HAL_TIM_Base_MspInit
                0x0000000008005624        0x4 ./Drivers/STM32H7xx_HAL_Driver/Src/stm32h7xx_hal_tim.o
                0x0000000008005624                HAL_TIM_Base_MspInit
 .text.HAL_TIM_Base_Init
                0x0000000008005628      0x16c ./Drivers/STM32H7xx_HAL_Driver/Src/stm32h7xx_hal_tim.o
                0x0000000008005628                HAL_TIM_Base_Init
 .text.HAL_TIM_Base_Start_IT
                0x0000000008005794       0xb8 ./Drivers/STM32H7xx_HAL_Driver/Src/stm32h7xx_hal_tim.o
                0x0000000008005794                HAL_TIM_Base_Start_IT
 .text.HAL_TIM_OC_DelayElapsedCallback
                0x000000000800584c        0x4 ./Drivers/STM32H7xx_HAL_Driver/Src/stm32h7xx_hal_tim.o
                0x000000000800584c                HAL_TIM_OC_DelayElapsedCallback
 .text.HAL_TIM_IC_CaptureCallback
                0x0000000008005850        0x4 ./Drivers/STM32H7xx_HAL_Driver/Src/stm32h7xx_hal_tim.o
                0x0000000008005850                HAL_TIM_IC_CaptureCallback
 .text.HAL_TIM_PWM_PulseFinishedCallback
                0x0000000008005854        0x4 ./Drivers/STM32H7xx_HAL_Driver/Src/stm32h7xx_hal_tim.o
                0x0000000008005854                HAL_TIM_PWM_PulseFinishedCallback
 .text.HAL_TIM_TriggerCallback
                0x0000000008005858        0x4 ./Drivers/STM32H7xx_HAL_Driver/Src/stm32h7xx_hal_tim.o
                0x0000000008005858                HAL_TIM_TriggerCallback
 .text.HAL_TIM_IRQHandler
                0x000000000800585c      0x170 ./Drivers/STM32H7xx_HAL_Driver/Src/stm32h7xx_hal_tim.o
                0x000000000800585c                HAL_TIM_IRQHandler
 .text.HAL_TIMEx_CommutCallback
                0x00000000080059cc        0x4 ./Drivers/STM32H7xx_HAL_Driver/Src/stm32h7xx_hal_tim_ex.o
                0x00000000080059cc                HAL_TIMEx_CommutCallback
 .text.HAL_TIMEx_BreakCallback
                0x00000000080059d0        0x4 ./Drivers/STM32H7xx_HAL_Driver/Src/stm32h7xx_hal_tim_ex.o
                0x00000000080059d0                HAL_TIMEx_BreakCallback
 .text.HAL_TIMEx_Break2Callback
                0x00000000080059d4        0x4 ./Drivers/STM32H7xx_HAL_Driver/Src/stm32h7xx_hal_tim_ex.o
                0x00000000080059d4                HAL_TIMEx_Break2Callback
 .text.MX_LIBJPEG_Init
                0x00000000080059d8        0x4 ./LIBJPEG/App/libjpeg.o
                0x00000000080059d8                MX_LIBJPEG_Init
 .text.SysTick_Handler
                0x00000000080059dc       0x1c ./Middlewares/Third_Party/FreeRTOS/Source/CMSIS_RTOS_V2/cmsis_os2.o
                0x00000000080059dc                SysTick_Handler
 .text.osKernelInitialize
                0x00000000080059f8       0x24 ./Middlewares/Third_Party/FreeRTOS/Source/CMSIS_RTOS_V2/cmsis_os2.o
                0x00000000080059f8                osKernelInitialize
 .text.osKernelStart
                0x0000000008005a1c       0x34 ./Middlewares/Third_Party/FreeRTOS/Source/CMSIS_RTOS_V2/cmsis_os2.o
                0x0000000008005a1c                osKernelStart
 .text.osThreadNew
                0x0000000008005a50       0x94 ./Middlewares/Third_Party/FreeRTOS/Source/CMSIS_RTOS_V2/cmsis_os2.o
                0x0000000008005a50                osThreadNew
 .text.osDelay  0x0000000008005ae4       0x1c ./Middlewares/Third_Party/FreeRTOS/Source/CMSIS_RTOS_V2/cmsis_os2.o
                0x0000000008005ae4                osDelay
 .text.osMutexNew
                0x0000000008005b00       0x74 ./Middlewares/Third_Party/FreeRTOS/Source/CMSIS_RTOS_V2/cmsis_os2.o
                0x0000000008005b00                osMutexNew
 .text.osMutexAcquire
                0x0000000008005b74       0x48 ./Middlewares/Third_Party/FreeRTOS/Source/CMSIS_RTOS_V2/cmsis_os2.o
                0x0000000008005b74                osMutexAcquire
 .text.osMutexRelease
                0x0000000008005bbc       0x44 ./Middlewares/Third_Party/FreeRTOS/Source/CMSIS_RTOS_V2/cmsis_os2.o
                0x0000000008005bbc                osMutexRelease
 .text.osSemaphoreNew
                0x0000000008005c00       0xa0 ./Middlewares/Third_Party/FreeRTOS/Source/CMSIS_RTOS_V2/cmsis_os2.o
                0x0000000008005c00                osSemaphoreNew
 .text.osSemaphoreAcquire
                0x0000000008005ca0       0x68 ./Middlewares/Third_Party/FreeRTOS/Source/CMSIS_RTOS_V2/cmsis_os2.o
                0x0000000008005ca0                osSemaphoreAcquire
 .text.osSemaphoreRelease
                0x0000000008005d08       0x58 ./Middlewares/Third_Party/FreeRTOS/Source/CMSIS_RTOS_V2/cmsis_os2.o
                0x0000000008005d08                osSemaphoreRelease
 .text.osMessageQueueNew
                0x0000000008005d60       0x74 ./Middlewares/Third_Party/FreeRTOS/Source/CMSIS_RTOS_V2/cmsis_os2.o
                0x0000000008005d60                osMessageQueueNew
 .text.osMessageQueuePut
                0x0000000008005dd4       0x84 ./Middlewares/Third_Party/FreeRTOS/Source/CMSIS_RTOS_V2/cmsis_os2.o
                0x0000000008005dd4                osMessageQueuePut
 .text.osMessageQueueGet
                0x0000000008005e58       0x7c ./Middlewares/Third_Party/FreeRTOS/Source/CMSIS_RTOS_V2/cmsis_os2.o
                0x0000000008005e58                osMessageQueueGet
 .text.vApplicationGetIdleTaskMemory
                0x0000000008005ed4       0x20 ./Middlewares/Third_Party/FreeRTOS/Source/CMSIS_RTOS_V2/cmsis_os2.o
                0x0000000008005ed4                vApplicationGetIdleTaskMemory
 .text.vApplicationGetTimerTaskMemory
                0x0000000008005ef4       0x20 ./Middlewares/Third_Party/FreeRTOS/Source/CMSIS_RTOS_V2/cmsis_os2.o
                0x0000000008005ef4                vApplicationGetTimerTaskMemory
 .text.vListInitialise
                0x0000000008005f14       0x18 ./Middlewares/Third_Party/FreeRTOS/Source/list.o
                0x0000000008005f14                vListInitialise
 .text.vListInitialiseItem
                0x0000000008005f2c        0x8 ./Middlewares/Third_Party/FreeRTOS/Source/list.o
                0x0000000008005f2c                vListInitialiseItem
 .text.vListInsertEnd
                0x0000000008005f34       0x20 ./Middlewares/Third_Party/FreeRTOS/Source/list.o
                0x0000000008005f34                vListInsertEnd
 .text.vListInsert
                0x0000000008005f54       0x30 ./Middlewares/Third_Party/FreeRTOS/Source/list.o
                0x0000000008005f54                vListInsert
 .text.uxListRemove
                0x0000000008005f84       0x28 ./Middlewares/Third_Party/FreeRTOS/Source/list.o
                0x0000000008005f84                uxListRemove
 .text.prvCopyDataToQueue
                0x0000000008005fac       0x84 ./Middlewares/Third_Party/FreeRTOS/Source/queue.o
 .text.xQueueGenericCreateStatic
                0x0000000008006030       0xd8 ./Middlewares/Third_Party/FreeRTOS/Source/queue.o
                0x0000000008006030                xQueueGenericCreateStatic
 .text.xQueueGenericCreate
                0x0000000008006108       0x84 ./Middlewares/Third_Party/FreeRTOS/Source/queue.o
                0x0000000008006108                xQueueGenericCreate
 .text.xQueueCreateCountingSemaphoreStatic
                0x000000000800618c       0xc4 ./Middlewares/Third_Party/FreeRTOS/Source/queue.o
                0x000000000800618c                xQueueCreateCountingSemaphoreStatic
 .text.xQueueCreateCountingSemaphore
                0x0000000008006250       0x8c ./Middlewares/Third_Party/FreeRTOS/Source/queue.o
                0x0000000008006250                xQueueCreateCountingSemaphore
 .text.xQueueGenericSend
                0x00000000080062dc      0x304 ./Middlewares/Third_Party/FreeRTOS/Source/queue.o
                0x00000000080062dc                xQueueGenericSend
 .text.xQueueCreateMutexStatic
                0x00000000080065e0       0xa0 ./Middlewares/Third_Party/FreeRTOS/Source/queue.o
                0x00000000080065e0                xQueueCreateMutexStatic
 .text.xQueueGiveMutexRecursive
                0x0000000008006680       0x40 ./Middlewares/Third_Party/FreeRTOS/Source/queue.o
                0x0000000008006680                xQueueGiveMutexRecursive
 .text.xQueueCreateMutex
                0x00000000080066c0       0x70 ./Middlewares/Third_Party/FreeRTOS/Source/queue.o
                0x00000000080066c0                xQueueCreateMutex
 .text.xQueueGenericSendFromISR
                0x0000000008006730       0xd4 ./Middlewares/Third_Party/FreeRTOS/Source/queue.o
                0x0000000008006730                xQueueGenericSendFromISR
 .text.xQueueGiveFromISR
                0x0000000008006804       0xb0 ./Middlewares/Third_Party/FreeRTOS/Source/queue.o
                0x0000000008006804                xQueueGiveFromISR
 .text.xQueueReceive
                0x00000000080068b4      0x304 ./Middlewares/Third_Party/FreeRTOS/Source/queue.o
                0x00000000080068b4                xQueueReceive
 .text.xQueueSemaphoreTake
                0x0000000008006bb8      0x310 ./Middlewares/Third_Party/FreeRTOS/Source/queue.o
                0x0000000008006bb8                xQueueSemaphoreTake
 .text.xQueueTakeMutexRecursive
                0x0000000008006ec8       0x40 ./Middlewares/Third_Party/FreeRTOS/Source/queue.o
                0x0000000008006ec8                xQueueTakeMutexRecursive
 .text.xQueueReceiveFromISR
                0x0000000008006f08       0xc0 ./Middlewares/Third_Party/FreeRTOS/Source/queue.o
                0x0000000008006f08                xQueueReceiveFromISR
 .text.vQueueDelete
                0x0000000008006fc8       0x8c ./Middlewares/Third_Party/FreeRTOS/Source/queue.o
                0x0000000008006fc8                vQueueDelete
 .text.vQueueAddToRegistry
                0x0000000008007054       0x50 ./Middlewares/Third_Party/FreeRTOS/Source/queue.o
                0x0000000008007054                vQueueAddToRegistry
 .text.vQueueWaitForMessageRestricted
                0x00000000080070a4       0xc8 ./Middlewares/Third_Party/FreeRTOS/Source/queue.o
                0x00000000080070a4                vQueueWaitForMessageRestricted
 .text.prvAddNewTaskToReadyList
                0x000000000800716c      0x110 ./Middlewares/Third_Party/FreeRTOS/Source/tasks.o
 .text.prvInitialiseNewTask.constprop.0
                0x000000000800727c      0x158 ./Middlewares/Third_Party/FreeRTOS/Source/tasks.o
 .text.prvIdleTask
                0x00000000080073d4       0xa4 ./Middlewares/Third_Party/FreeRTOS/Source/tasks.o
 .text.xTaskIncrementTick.part.0
                0x0000000008007478      0x150 ./Middlewares/Third_Party/FreeRTOS/Source/tasks.o
 .text.xTaskResumeAll.part.0
                0x00000000080075c8      0x134 ./Middlewares/Third_Party/FreeRTOS/Source/tasks.o
 .text.xTaskCreateStatic
                0x00000000080076fc       0x74 ./Middlewares/Third_Party/FreeRTOS/Source/tasks.o
                0x00000000080076fc                xTaskCreateStatic
 .text.xTaskCreate
                0x0000000008007770       0x64 ./Middlewares/Third_Party/FreeRTOS/Source/tasks.o
                0x0000000008007770                xTaskCreate
 .text.vTaskDelay
                0x00000000080077d4       0xac ./Middlewares/Third_Party/FreeRTOS/Source/tasks.o
                0x00000000080077d4                vTaskDelay
 .text.vTaskStartScheduler
                0x0000000008007880       0xf8 ./Middlewares/Third_Party/FreeRTOS/Source/tasks.o
                0x0000000008007880                vTaskStartScheduler
 .text.vTaskSuspendAll
                0x0000000008007978       0x10 ./Middlewares/Third_Party/FreeRTOS/Source/tasks.o
                0x0000000008007978                vTaskSuspendAll
 .text.xTaskResumeAll
                0x0000000008007988       0x20 ./Middlewares/Third_Party/FreeRTOS/Source/tasks.o
                0x0000000008007988                xTaskResumeAll
 .text.xTaskGetTickCount
                0x00000000080079a8        0xc ./Middlewares/Third_Party/FreeRTOS/Source/tasks.o
                0x00000000080079a8                xTaskGetTickCount
 .text.xTaskIncrementTick
                0x00000000080079b4       0x20 ./Middlewares/Third_Party/FreeRTOS/Source/tasks.o
                0x00000000080079b4                xTaskIncrementTick
 .text.vTaskSwitchContext
                0x00000000080079d4       0xa8 ./Middlewares/Third_Party/FreeRTOS/Source/tasks.o
                0x00000000080079d4                vTaskSwitchContext
 .text.vTaskPlaceOnEventList
                0x0000000008007a7c       0x88 ./Middlewares/Third_Party/FreeRTOS/Source/tasks.o
                0x0000000008007a7c                vTaskPlaceOnEventList
 .text.vTaskPlaceOnEventListRestricted
                0x0000000008007b04       0x94 ./Middlewares/Third_Party/FreeRTOS/Source/tasks.o
                0x0000000008007b04                vTaskPlaceOnEventListRestricted
 .text.xTaskRemoveFromEventList
                0x0000000008007b98       0x94 ./Middlewares/Third_Party/FreeRTOS/Source/tasks.o
                0x0000000008007b98                xTaskRemoveFromEventList
 .text.vTaskInternalSetTimeOutState
                0x0000000008007c2c       0x18 ./Middlewares/Third_Party/FreeRTOS/Source/tasks.o
                0x0000000008007c2c                vTaskInternalSetTimeOutState
 .text.xTaskCheckForTimeOut
                0x0000000008007c44       0x90 ./Middlewares/Third_Party/FreeRTOS/Source/tasks.o
                0x0000000008007c44                xTaskCheckForTimeOut
 .text.vTaskMissedYield
                0x0000000008007cd4        0xc ./Middlewares/Third_Party/FreeRTOS/Source/tasks.o
                0x0000000008007cd4                vTaskMissedYield
 .text.xTaskGetCurrentTaskHandle
                0x0000000008007ce0        0xc ./Middlewares/Third_Party/FreeRTOS/Source/tasks.o
                0x0000000008007ce0                xTaskGetCurrentTaskHandle
 .text.xTaskGetSchedulerState
                0x0000000008007cec       0x20 ./Middlewares/Third_Party/FreeRTOS/Source/tasks.o
                0x0000000008007cec                xTaskGetSchedulerState
 .text.xTaskPriorityInherit
                0x0000000008007d0c       0x8c ./Middlewares/Third_Party/FreeRTOS/Source/tasks.o
                0x0000000008007d0c                xTaskPriorityInherit
 .text.xTaskPriorityDisinherit
                0x0000000008007d98       0x8c ./Middlewares/Third_Party/FreeRTOS/Source/tasks.o
                0x0000000008007d98                xTaskPriorityDisinherit
 .text.vTaskPriorityDisinheritAfterTimeout
                0x0000000008007e24       0xa8 ./Middlewares/Third_Party/FreeRTOS/Source/tasks.o
                0x0000000008007e24                vTaskPriorityDisinheritAfterTimeout
 .text.pvTaskIncrementMutexHeldCount
                0x0000000008007ecc       0x18 ./Middlewares/Third_Party/FreeRTOS/Source/tasks.o
                0x0000000008007ecc                pvTaskIncrementMutexHeldCount
 .text.prvSwitchTimerLists
                0x0000000008007ee4       0x9c ./Middlewares/Third_Party/FreeRTOS/Source/timers.o
 .text.prvTimerTask
                0x0000000008007f80      0x294 ./Middlewares/Third_Party/FreeRTOS/Source/timers.o
 .text.xTimerCreateTimerTask
                0x0000000008008214       0xbc ./Middlewares/Third_Party/FreeRTOS/Source/timers.o
                0x0000000008008214                xTimerCreateTimerTask
 .text.prvPortStartFirstTask
                0x00000000080082d0       0x28 ./Middlewares/Third_Party/FreeRTOS/Source/portable/GCC/ARM_CM4F/port.o
 .text.vPortEnableVFP
                0x00000000080082f8       0x14 ./Middlewares/Third_Party/FreeRTOS/Source/portable/GCC/ARM_CM4F/port.o
 .text.prvTaskExitError
                0x000000000800830c       0x40 ./Middlewares/Third_Party/FreeRTOS/Source/portable/GCC/ARM_CM4F/port.o
 .text.pxPortInitialiseStack
                0x000000000800834c       0x30 ./Middlewares/Third_Party/FreeRTOS/Source/portable/GCC/ARM_CM4F/port.o
                0x000000000800834c                pxPortInitialiseStack
 *fill*         0x000000000800837c        0x4 
 .text.SVC_Handler
                0x0000000008008380       0x24 ./Middlewares/Third_Party/FreeRTOS/Source/portable/GCC/ARM_CM4F/port.o
                0x0000000008008380                SVC_Handler
 .text.vPortEnterCritical
                0x00000000080083a4       0x44 ./Middlewares/Third_Party/FreeRTOS/Source/portable/GCC/ARM_CM4F/port.o
                0x00000000080083a4                vPortEnterCritical
 .text.vPortExitCritical
                0x00000000080083e8       0x28 ./Middlewares/Third_Party/FreeRTOS/Source/portable/GCC/ARM_CM4F/port.o
                0x00000000080083e8                vPortExitCritical
 .text.PendSV_Handler
                0x0000000008008410       0x64 ./Middlewares/Third_Party/FreeRTOS/Source/portable/GCC/ARM_CM4F/port.o
                0x0000000008008410                PendSV_Handler
 .text.xPortSysTickHandler
                0x0000000008008474       0x2c ./Middlewares/Third_Party/FreeRTOS/Source/portable/GCC/ARM_CM4F/port.o
                0x0000000008008474                xPortSysTickHandler
 .text.vPortSetupTimerInterrupt
                0x00000000080084a0       0x28 ./Middlewares/Third_Party/FreeRTOS/Source/portable/GCC/ARM_CM4F/port.o
                0x00000000080084a0                vPortSetupTimerInterrupt
 .text.xPortStartScheduler
                0x00000000080084c8      0x140 ./Middlewares/Third_Party/FreeRTOS/Source/portable/GCC/ARM_CM4F/port.o
                0x00000000080084c8                xPortStartScheduler
 .text.vPortValidateInterruptPriority
                0x0000000008008608       0x5c ./Middlewares/Third_Party/FreeRTOS/Source/portable/GCC/ARM_CM4F/port.o
                0x0000000008008608                vPortValidateInterruptPriority
 .text.pvPortMalloc
                0x0000000008008664      0x178 ./Middlewares/Third_Party/FreeRTOS/Source/portable/MemMang/heap_4.o
                0x0000000008008664                pvPortMalloc
 .text.vPortFree
                0x00000000080087dc       0xc4 ./Middlewares/Third_Party/FreeRTOS/Source/portable/MemMang/heap_4.o
                0x00000000080087dc                vPortFree
 .text.MX_TouchGFX_PreOSInit
                0x00000000080088a0        0x4 ./TouchGFX/App/app_touchgfx.o
                0x00000000080088a0                MX_TouchGFX_PreOSInit
 .text.MX_TouchGFX_Init
                0x00000000080088a4        0x4 ./TouchGFX/App/app_touchgfx.o
                0x00000000080088a4                MX_TouchGFX_Init
 .text.TouchGFX_Task
                0x00000000080088a8        0x4 ./TouchGFX/App/app_touchgfx.o
                0x00000000080088a8                TouchGFX_Task
 .text._ZN23ApplicationFontProviderD2Ev
                0x00000000080088ac        0x4 ./TouchGFX/generated/fonts/src/ApplicationFontProvider.o
                0x00000000080088ac                ApplicationFontProvider::~ApplicationFontProvider()
                0x00000000080088ac                ApplicationFontProvider::~ApplicationFontProvider()
 .text._ZN23ApplicationFontProviderD0Ev
                0x00000000080088b0       0x10 ./TouchGFX/generated/fonts/src/ApplicationFontProvider.o
                0x00000000080088b0                ApplicationFontProvider::~ApplicationFontProvider()
 .text._ZN23ApplicationFontProvider7getFontEt
                0x00000000080088c0       0x28 ./TouchGFX/generated/fonts/src/ApplicationFontProvider.o
                0x00000000080088c0                ApplicationFontProvider::getFont(unsigned short)
 .text._ZNK8touchgfx4Font8getGlyphEt
                0x00000000080088e8       0x24 ./TouchGFX/generated/fonts/src/CachedFont.o
                0x00000000080088e8                touchgfx::Font::getGlyph(unsigned short) const
 .text._ZNK8touchgfx4Font15getFallbackCharEv
                0x000000000800890c        0x4 ./TouchGFX/generated/fonts/src/CachedFont.o
                0x000000000800890c                touchgfx::Font::getFallbackChar() const
 .text._ZNK8touchgfx4Font15getEllipsisCharEv
                0x0000000008008910        0x4 ./TouchGFX/generated/fonts/src/CachedFont.o
                0x0000000008008910                touchgfx::Font::getEllipsisChar() const
 .text._ZNK8touchgfx4Font13getFontHeightEv
                0x0000000008008914        0x4 ./TouchGFX/generated/fonts/src/CachedFont.o
                0x0000000008008914                touchgfx::Font::getFontHeight() const
 .text._ZNK8touchgfx4Font20getMinimumTextHeightEv
                0x0000000008008918        0xc ./TouchGFX/generated/fonts/src/CachedFont.o
                0x0000000008008918                touchgfx::Font::getMinimumTextHeight() const
 .text._ZNK8touchgfx4Font15getBitsPerPixelEv
                0x0000000008008924        0x8 ./TouchGFX/generated/fonts/src/CachedFont.o
                0x0000000008008924                touchgfx::Font::getBitsPerPixel() const
 .text._ZNK8touchgfx4Font15getByteAlignRowEv
                0x000000000800892c        0x8 ./TouchGFX/generated/fonts/src/CachedFont.o
                0x000000000800892c                touchgfx::Font::getByteAlignRow() const
 .text._ZNK8touchgfx13GeneratedFont12getGSUBTableEv
                0x0000000008008934        0x4 ./TouchGFX/generated/fonts/src/GeneratedFont.o
                0x0000000008008934                touchgfx::GeneratedFont::getGSUBTable() const
 .text._ZNK8touchgfx13GeneratedFont23getContextualFormsTableEv
                0x0000000008008938        0x4 ./TouchGFX/generated/fonts/src/GeneratedFont.o
                0x0000000008008938                touchgfx::GeneratedFont::getContextualFormsTable() const
 .text._ZN8touchgfx13GeneratedFontD2Ev
                0x000000000800893c        0x4 ./TouchGFX/generated/fonts/src/GeneratedFont.o
                0x000000000800893c                touchgfx::GeneratedFont::~GeneratedFont()
                0x000000000800893c                touchgfx::GeneratedFont::~GeneratedFont()
 .text._ZNK8touchgfx13GeneratedFont12getPixelDataEPKNS_9GlyphNodeE
                0x0000000008008940       0x10 ./TouchGFX/generated/fonts/src/GeneratedFont.o
                0x0000000008008940                touchgfx::GeneratedFont::getPixelData(touchgfx::GlyphNode const*) const
 .text._ZNK8touchgfx13GeneratedFont10getKerningEtPKNS_9GlyphNodeE
                0x0000000008008950       0x44 ./TouchGFX/generated/fonts/src/GeneratedFont.o
                0x0000000008008950                touchgfx::GeneratedFont::getKerning(unsigned short, touchgfx::GlyphNode const*) const
 .text._ZN8touchgfx13GeneratedFontD0Ev
                0x0000000008008994       0x10 ./TouchGFX/generated/fonts/src/GeneratedFont.o
                0x0000000008008994                touchgfx::GeneratedFont::~GeneratedFont()
 .text._ZN8touchgfx13GeneratedFontC2EPKNS_9GlyphNodeEtthhhhhPKPKhPKNS_11KerningNodeEttPKtPKNS_24FontContextualFormsTableE
                0x00000000080089a4       0x54 ./TouchGFX/generated/fonts/src/GeneratedFont.o
                0x00000000080089a4                touchgfx::GeneratedFont::GeneratedFont(touchgfx::GlyphNode const*, unsigned short, unsigned short, unsigned char, unsigned char, unsigned char, unsigned char, unsigned char, unsigned char const* const*, touchgfx::KerningNode const*, unsigned short, unsigned short, unsigned short const*, touchgfx::FontContextualFormsTable const*)
                0x00000000080089a4                touchgfx::GeneratedFont::GeneratedFont(touchgfx::GlyphNode const*, unsigned short, unsigned short, unsigned char, unsigned char, unsigned char, unsigned char, unsigned char, unsigned char const* const*, touchgfx::KerningNode const*, unsigned short, unsigned short, unsigned short const*, touchgfx::FontContextualFormsTable const*)
 .text.__tcf_0  0x00000000080089f8        0x4 ./TouchGFX/generated/fonts/src/Table_verdana_10_4bpp.o
 .text._Z23getFont_verdana_10_4bppv
                0x00000000080089fc       0x78 ./TouchGFX/generated/fonts/src/Table_verdana_10_4bpp.o
                0x00000000080089fc                getFont_verdana_10_4bpp()
 .text.__tcf_0  0x0000000008008a74        0x4 ./TouchGFX/generated/fonts/src/Table_verdana_20_4bpp.o
 .text._Z23getFont_verdana_20_4bppv
                0x0000000008008a78       0x78 ./TouchGFX/generated/fonts/src/Table_verdana_20_4bpp.o
                0x0000000008008a78                getFont_verdana_20_4bpp()
 .text.__tcf_0  0x0000000008008af0        0x4 ./TouchGFX/generated/fonts/src/Table_verdana_40_4bpp.o
 .text._Z23getFont_verdana_40_4bppv
                0x0000000008008af4       0x78 ./TouchGFX/generated/fonts/src/Table_verdana_40_4bpp.o
                0x0000000008008af4                getFont_verdana_40_4bpp()
 .text._ZN8touchgfx11Application15appSwitchScreenEh
                0x0000000008008b6c        0x4 ./TouchGFX/generated/gui_generated/src/common/FrontendApplicationBase.o
                0x0000000008008b6c                touchgfx::Application::appSwitchScreen(unsigned char)
 .text._ZN8touchgfx11Application13requestRedrawERNS_4RectE
                0x0000000008008b70        0xc ./TouchGFX/generated/gui_generated/src/common/FrontendApplicationBase.o
                0x0000000008008b70                touchgfx::Application::requestRedraw(touchgfx::Rect&)
 .text._ZN8touchgfx3HAL21setDisplayOrientationENS_18DisplayOrientationE
                0x0000000008008b7c        0xc ./TouchGFX/generated/gui_generated/src/common/FrontendApplicationBase.o
                0x0000000008008b7c                touchgfx::HAL::setDisplayOrientation(touchgfx::DisplayOrientation)
 .text._ZN8touchgfx10Transition8tearDownEv
                0x0000000008008b88        0x4 ./TouchGFX/generated/gui_generated/src/common/FrontendApplicationBase.o
                0x0000000008008b88                touchgfx::Transition::tearDown()
 .text._ZN8touchgfx10Transition4initEv
                0x0000000008008b8c        0x4 ./TouchGFX/generated/gui_generated/src/common/FrontendApplicationBase.o
                0x0000000008008b8c                touchgfx::Transition::init()
 .text._ZN8touchgfx10Transition18setScreenContainerERNS_9ContainerE
                0x0000000008008b90        0x4 ./TouchGFX/generated/gui_generated/src/common/FrontendApplicationBase.o
                0x0000000008008b90                touchgfx::Transition::setScreenContainer(touchgfx::Container&)
 .text._ZN23FrontendApplicationBaseD2Ev
                0x0000000008008b94        0x4 ./TouchGFX/generated/gui_generated/src/common/FrontendApplicationBase.o
                0x0000000008008b94                FrontendApplicationBase::~FrontendApplicationBase()
                0x0000000008008b94                FrontendApplicationBase::~FrontendApplicationBase()
 .text._ZN23FrontendApplicationBase19changeToStartScreenEv
                0x0000000008008b98       0x1c ./TouchGFX/generated/gui_generated/src/common/FrontendApplicationBase.o
                0x0000000008008b98                FrontendApplicationBase::changeToStartScreen()
 .text._ZN8touchgfx12NoTransition15handleTickEventEv
                0x0000000008008bb4        0x8 ./TouchGFX/generated/gui_generated/src/common/FrontendApplicationBase.o
                0x0000000008008bb4                touchgfx::NoTransition::handleTickEvent()
 .text._ZN8touchgfx12NoTransitionD2Ev
                0x0000000008008bbc        0x4 ./TouchGFX/generated/gui_generated/src/common/FrontendApplicationBase.o
                0x0000000008008bbc                touchgfx::NoTransition::~NoTransition()
                0x0000000008008bbc                touchgfx::NoTransition::~NoTransition()
 .text._ZN8touchgfx8CallbackI23FrontendApplicationBasevvvED2Ev
                0x0000000008008bc0        0x4 ./TouchGFX/generated/gui_generated/src/common/FrontendApplicationBase.o
                0x0000000008008bc0                touchgfx::Callback<FrontendApplicationBase, void, void, void>::~Callback()
                0x0000000008008bc0                touchgfx::Callback<FrontendApplicationBase, void, void, void>::~Callback()
 .text._ZN8touchgfx8CallbackI23FrontendApplicationBasevvvE7executeEv
                0x0000000008008bc4       0x20 ./TouchGFX/generated/gui_generated/src/common/FrontendApplicationBase.o
                0x0000000008008bc4                touchgfx::Callback<FrontendApplicationBase, void, void, void>::execute()
 .text._ZNK8touchgfx8CallbackI23FrontendApplicationBasevvvE7isValidEv
                0x0000000008008be4       0x18 ./TouchGFX/generated/gui_generated/src/common/FrontendApplicationBase.o
                0x0000000008008be4                touchgfx::Callback<FrontendApplicationBase, void, void, void>::isValid() const
 .text._ZN8touchgfx12NoTransitionD0Ev
                0x0000000008008bfc       0x10 ./TouchGFX/generated/gui_generated/src/common/FrontendApplicationBase.o
                0x0000000008008bfc                touchgfx::NoTransition::~NoTransition()
 .text._ZN8touchgfx8CallbackI23FrontendApplicationBasevvvED0Ev
                0x0000000008008c0c       0x10 ./TouchGFX/generated/gui_generated/src/common/FrontendApplicationBase.o
                0x0000000008008c0c                touchgfx::Callback<FrontendApplicationBase, void, void, void>::~Callback()
 .text._ZN23FrontendApplicationBaseD0Ev
                0x0000000008008c1c       0x10 ./TouchGFX/generated/gui_generated/src/common/FrontendApplicationBase.o
                0x0000000008008c1c                FrontendApplicationBase::~FrontendApplicationBase()
 .text._ZN8touchgfx10Transition10invalidateEv
                0x0000000008008c2c       0x10 ./TouchGFX/generated/gui_generated/src/common/FrontendApplicationBase.o
                0x0000000008008c2c                touchgfx::Transition::invalidate()
 .text._ZN23FrontendApplicationBase32gotoscreenScreenNoTransitionImplEv
                0x0000000008008c3c      0x1ac ./TouchGFX/generated/gui_generated/src/common/FrontendApplicationBase.o
                0x0000000008008c3c                FrontendApplicationBase::gotoscreenScreenNoTransitionImpl()
 .text._ZN8touchgfx14MVPApplication29handlePendingScreenTransitionEv
                0x0000000008008de8       0x78 ./TouchGFX/generated/gui_generated/src/common/FrontendApplicationBase.o
                0x0000000008008de8                touchgfx::MVPApplication::handlePendingScreenTransition()
 .text._ZN23FrontendApplicationBaseC2ER5ModelR12FrontendHeap
                0x0000000008008e60       0x80 ./TouchGFX/generated/gui_generated/src/common/FrontendApplicationBase.o
                0x0000000008008e60                FrontendApplicationBase::FrontendApplicationBase(Model&, FrontendHeap&)
                0x0000000008008e60                FrontendApplicationBase::FrontendApplicationBase(Model&, FrontendHeap&)
 .text._ZN23FrontendApplicationBase28gotoscreenScreenNoTransitionEv
                0x0000000008008ee0       0x1c ./TouchGFX/generated/gui_generated/src/common/FrontendApplicationBase.o
                0x0000000008008ee0                FrontendApplicationBase::gotoscreenScreenNoTransition()
 .text._ZN8touchgfx8Drawable4setXEs
                0x0000000008008efc        0x4 ./TouchGFX/generated/gui_generated/src/screen_screen/screenViewBase.o
                0x0000000008008efc                touchgfx::Drawable::setX(short)
 .text._ZN8touchgfx8Drawable4setYEs
                0x0000000008008f00        0x4 ./TouchGFX/generated/gui_generated/src/screen_screen/screenViewBase.o
                0x0000000008008f00                touchgfx::Drawable::setY(short)
 .text._ZN8touchgfx8Drawable8setWidthEs
                0x0000000008008f04        0x4 ./TouchGFX/generated/gui_generated/src/screen_screen/screenViewBase.o
                0x0000000008008f04                touchgfx::Drawable::setWidth(short)
 .text._ZN8touchgfx8Drawable9setHeightEs
                0x0000000008008f08        0x4 ./TouchGFX/generated/gui_generated/src/screen_screen/screenViewBase.o
                0x0000000008008f08                touchgfx::Drawable::setHeight(short)
 .text._ZN8touchgfx6Screen15afterTransitionEv
                0x0000000008008f0c        0x4 ./TouchGFX/generated/gui_generated/src/screen_screen/screenViewBase.o
                0x0000000008008f0c                touchgfx::Screen::afterTransition()
 .text._ZN8touchgfx6Screen14tearDownScreenEv
                0x0000000008008f10        0x4 ./TouchGFX/generated/gui_generated/src/screen_screen/screenViewBase.o
                0x0000000008008f10                touchgfx::Screen::tearDownScreen()
 .text._ZN8touchgfx6Screen15handleTickEventEv
                0x0000000008008f14        0x4 ./TouchGFX/generated/gui_generated/src/screen_screen/screenViewBase.o
                0x0000000008008f14                touchgfx::Screen::handleTickEvent()
 .text._ZN8touchgfx6Screen14handleKeyEventEh
                0x0000000008008f18        0x4 ./TouchGFX/generated/gui_generated/src/screen_screen/screenViewBase.o
                0x0000000008008f18                touchgfx::Screen::handleKeyEvent(unsigned char)
 .text._ZN14screenViewBase11setupScreenEv
                0x0000000008008f1c        0x4 ./TouchGFX/generated/gui_generated/src/screen_screen/screenViewBase.o
                0x0000000008008f1c                screenViewBase::setupScreen()
 .text._ZN14screenViewBaseC2Ev
                0x0000000008008f20       0x90 ./TouchGFX/generated/gui_generated/src/screen_screen/screenViewBase.o
                0x0000000008008f20                screenViewBase::screenViewBase()
                0x0000000008008f20                screenViewBase::screenViewBase()
 .text._ZN14screenViewBaseD2Ev
                0x0000000008008fb0       0x18 ./TouchGFX/generated/gui_generated/src/screen_screen/screenViewBase.o
                0x0000000008008fb0                screenViewBase::~screenViewBase()
                0x0000000008008fb0                screenViewBase::~screenViewBase()
 .text._ZN14screenViewBaseD0Ev
                0x0000000008008fc8       0x20 ./TouchGFX/generated/gui_generated/src/screen_screen/screenViewBase.o
                0x0000000008008fc8                screenViewBase::~screenViewBase()
 .text._ZN14BitmapDatabase11getInstanceEv
                0x0000000008008fe8        0x8 ./TouchGFX/generated/images/src/BitmapDatabase.o
                0x0000000008008fe8                BitmapDatabase::getInstance()
 .text._ZN14BitmapDatabase15getInstanceSizeEv
                0x0000000008008ff0        0x4 ./TouchGFX/generated/images/src/BitmapDatabase.o
                0x0000000008008ff0                BitmapDatabase::getInstanceSize()
 .text._ZNK8touchgfx4Font12getGSUBTableEv
                0x0000000008008ff4        0x4 ./TouchGFX/generated/texts/src/Texts.o
                0x0000000008008ff4                touchgfx::Font::getGSUBTable() const
 .text._ZNK8touchgfx4Font23getContextualFormsTableEv
                0x0000000008008ff8        0x4 ./TouchGFX/generated/texts/src/Texts.o
                0x0000000008008ff8                touchgfx::Font::getContextualFormsTable() const
 .text._ZNK8touchgfx4Font14getStringWidthEPKtz
                0x0000000008008ffc       0x20 ./TouchGFX/generated/texts/src/Texts.o
                0x0000000008008ffc                touchgfx::Font::getStringWidth(unsigned short const*, ...) const
 .text._ZNK8touchgfx4Font14getStringWidthEhPKtz
                0x000000000800901c       0x1c ./TouchGFX/generated/texts/src/Texts.o
                0x000000000800901c                touchgfx::Font::getStringWidth(unsigned char, unsigned short const*, ...) const
 .text._ZN8touchgfx12TextProvider15getNextLigatureEh
                0x0000000008009038       0xa0 ./TouchGFX/generated/texts/src/Texts.o
                0x0000000008009038                touchgfx::TextProvider::getNextLigature(unsigned char)
 .text._ZN8touchgfx12TextProvider18initializeInternalEv
                0x00000000080090d8        0x4 ./TouchGFX/generated/texts/src/Texts.o
                0x00000000080090d8                touchgfx::TextProvider::initializeInternal()
 .text._ZN8touchgfx5Texts11setLanguageEt
                0x00000000080090dc       0x7c ./TouchGFX/generated/texts/src/Texts.o
                0x00000000080090dc                touchgfx::Texts::setLanguage(unsigned short)
 .text._ZN17TypedTextDatabase15getInstanceSizeEv
                0x0000000008009158        0x4 ./TouchGFX/generated/texts/src/TypedTextDatabase.o
                0x0000000008009158                TypedTextDatabase::getInstanceSize()
 .text._ZN17TypedTextDatabase8getFontsEv
                0x000000000800915c        0x8 ./TouchGFX/generated/texts/src/TypedTextDatabase.o
                0x000000000800915c                TypedTextDatabase::getFonts()
 .text.startup._GLOBAL__sub_I_touchgfx_fonts
                0x0000000008009164       0x1c ./TouchGFX/generated/texts/src/TypedTextDatabase.o
 .text._ZN19FrontendApplicationD2Ev
                0x0000000008009180        0x4 ./TouchGFX/gui/src/common/FrontendApplication.o
                0x0000000008009180                FrontendApplication::~FrontendApplication()
                0x0000000008009180                FrontendApplication::~FrontendApplication()
 .text._ZN19FrontendApplicationD0Ev
                0x0000000008009184       0x10 ./TouchGFX/gui/src/common/FrontendApplication.o
                0x0000000008009184                FrontendApplication::~FrontendApplication()
 .text._ZN19FrontendApplication15handleTickEventEv
                0x0000000008009194       0x18 ./TouchGFX/gui/src/common/FrontendApplication.o
                0x0000000008009194                FrontendApplication::handleTickEvent()
 .text._ZN19FrontendApplicationC2ER5ModelR12FrontendHeap
                0x00000000080091ac       0x14 ./TouchGFX/gui/src/common/FrontendApplication.o
                0x00000000080091ac                FrontendApplication::FrontendApplication(Model&, FrontendHeap&)
                0x00000000080091ac                FrontendApplication::FrontendApplication(Model&, FrontendHeap&)
 .text._ZN5ModelC2Ev
                0x00000000080091c0        0x8 ./TouchGFX/gui/src/model/Model.o
                0x00000000080091c0                Model::Model()
                0x00000000080091c0                Model::Model()
 .text._ZN5Model4tickEv
                0x00000000080091c8        0x4 ./TouchGFX/gui/src/model/Model.o
                0x00000000080091c8                Model::tick()
 .text._ZN15screenPresenterD2Ev
                0x00000000080091cc        0x8 ./TouchGFX/gui/src/screen_screen/screenPresenter.o
                0x00000000080091cc                screenPresenter::~screenPresenter()
                0x00000000080091cc                screenPresenter::~screenPresenter()
                0x00000000080091d0                non-virtual thunk to screenPresenter::~screenPresenter()
 .text._ZN15screenPresenter8activateEv
                0x00000000080091d4        0x4 ./TouchGFX/gui/src/screen_screen/screenPresenter.o
                0x00000000080091d4                screenPresenter::deactivate()
                0x00000000080091d4                screenPresenter::activate()
 .text._ZN15screenPresenterD0Ev
                0x00000000080091d8       0x28 ./TouchGFX/gui/src/screen_screen/screenPresenter.o
                0x00000000080091d8                screenPresenter::~screenPresenter()
                0x00000000080091e8                non-virtual thunk to screenPresenter::~screenPresenter()
 .text._ZN15screenPresenterC2ER10screenView
                0x0000000008009200       0x20 ./TouchGFX/gui/src/screen_screen/screenPresenter.o
                0x0000000008009200                screenPresenter::screenPresenter(screenView&)
                0x0000000008009200                screenPresenter::screenPresenter(screenView&)
 .text._ZN10screenView14tearDownScreenEv
                0x0000000008009220        0x4 ./TouchGFX/gui/src/screen_screen/screenView.o
                0x0000000008009220                screenView::tearDownScreen()
 .text._ZN10screenView11setupScreenEv
                0x0000000008009224        0x4 ./TouchGFX/gui/src/screen_screen/screenView.o
                0x0000000008009224                screenView::setupScreen()
 .text._ZN10screenViewC2Ev
                0x0000000008009228       0x14 ./TouchGFX/gui/src/screen_screen/screenView.o
                0x0000000008009228                screenView::screenView()
                0x0000000008009228                screenView::screenView()
 .text._ZN10screenViewD2Ev
                0x000000000800923c       0x18 ./TouchGFX/gui/src/screen_screen/screenView.o
                0x000000000800923c                screenView::~screenView()
                0x000000000800923c                screenView::~screenView()
 .text._ZN10screenViewD0Ev
                0x0000000008009254       0x20 ./TouchGFX/gui/src/screen_screen/screenView.o
                0x0000000008009254                screenView::~screenView()
 .text._ZN20STM32TouchController4initEv
                0x0000000008009274        0x4 ./TouchGFX/target/STM32TouchController.o
                0x0000000008009274                STM32TouchController::init()
 .text._ZN20STM32TouchController11sampleTouchERlS0_
                0x0000000008009278        0x4 ./TouchGFX/target/STM32TouchController.o
                0x0000000008009278                STM32TouchController::sampleTouch(long&, long&)
 .text._ZN20STM32TouchControllerD2Ev
                0x000000000800927c        0x4 ./TouchGFX/target/STM32TouchController.o
                0x000000000800927c                STM32TouchController::~STM32TouchController()
                0x000000000800927c                STM32TouchController::~STM32TouchController()
 .text._ZN20STM32TouchControllerD0Ev
                0x0000000008009280       0x10 ./TouchGFX/target/STM32TouchController.o
                0x0000000008009280                STM32TouchController::~STM32TouchController()
 .text._ZN8touchgfx4GPIO3setENS0_7GPIO_IDE
                0x0000000008009290        0x4 ./TouchGFX/target/TouchGFXGPIO.o
                0x0000000008009290                touchgfx::GPIO::set(touchgfx::GPIO::GPIO_ID)
 .text._ZN8touchgfx4GPIO5clearENS0_7GPIO_IDE
                0x0000000008009294        0x4 ./TouchGFX/target/TouchGFXGPIO.o
                0x0000000008009294                touchgfx::GPIO::clear(touchgfx::GPIO::GPIO_ID)
 .text._ZN8touchgfx4GPIO6toggleENS0_7GPIO_IDE
                0x0000000008009298        0x4 ./TouchGFX/target/TouchGFXGPIO.o
                0x0000000008009298                touchgfx::GPIO::toggle(touchgfx::GPIO::GPIO_ID)
 .text._ZN8touchgfx13DMA_Interface10getDMATypeEv
                0x000000000800929c        0x4 ./TouchGFX/target/TouchGFXHAL.o
                0x000000000800929c                touchgfx::DMA_Interface::getDMAType()
 .text._ZN8touchgfx3HAL9sampleKeyERh
                0x00000000080092a0        0x4 ./TouchGFX/target/TouchGFXHAL.o
                0x00000000080092a0                touchgfx::HAL::sampleKey(unsigned char&)
 .text._ZN8touchgfx3HAL19setAnimationStorageEPv
                0x00000000080092a4       0x14 ./TouchGFX/target/TouchGFXHAL.o
                0x00000000080092a4                touchgfx::HAL::setAnimationStorage(void*)
 .text._ZNK8touchgfx3HAL18getFlashDataReaderEv
                0x00000000080092b8        0x4 ./TouchGFX/target/TouchGFXHAL.o
                0x00000000080092b8                touchgfx::HAL::getFlashDataReader() const
 .text._ZN8touchgfx3HAL9taskDelayEt
                0x00000000080092bc        0xc ./TouchGFX/target/TouchGFXHAL.o
                0x00000000080092bc                touchgfx::HAL::taskDelay(unsigned short)
 .text._ZN11TouchGFXHALD2Ev
                0x00000000080092c8        0x4 ./TouchGFX/target/TouchGFXHAL.o
                0x00000000080092c8                TouchGFXHAL::~TouchGFXHAL()
                0x00000000080092c8                TouchGFXHAL::~TouchGFXHAL()
 .text._ZN11TouchGFXHAL10initializeEv
                0x00000000080092cc        0x4 ./TouchGFX/target/TouchGFXHAL.o
                0x00000000080092cc                TouchGFXHAL::initialize()
 .text._ZNK11TouchGFXHAL17getTFTFrameBufferEv
                0x00000000080092d0        0x4 ./TouchGFX/target/TouchGFXHAL.o
                0x00000000080092d0                TouchGFXHAL::getTFTFrameBuffer() const
 .text._ZN11TouchGFXHAL17setTFTFrameBufferEPt
                0x00000000080092d4        0x4 ./TouchGFX/target/TouchGFXHAL.o
                0x00000000080092d4                TouchGFXHAL::setTFTFrameBuffer(unsigned short*)
 .text._ZN11TouchGFXHAL16flushFrameBufferERKN8touchgfx4RectE
                0x00000000080092d8        0x4 ./TouchGFX/target/TouchGFXHAL.o
                0x00000000080092d8                TouchGFXHAL::flushFrameBuffer(touchgfx::Rect const&)
 .text._ZN11TouchGFXHAL9blockCopyEPvPKvm
                0x00000000080092dc        0x4 ./TouchGFX/target/TouchGFXHAL.o
                0x00000000080092dc                TouchGFXHAL::blockCopy(void*, void const*, unsigned long)
 .text._ZN11TouchGFXHAL19configureInterruptsEv
                0x00000000080092e0        0x4 ./TouchGFX/target/TouchGFXHAL.o
                0x00000000080092e0                TouchGFXHAL::configureInterrupts()
 .text._ZN11TouchGFXHAL16enableInterruptsEv
                0x00000000080092e4        0x4 ./TouchGFX/target/TouchGFXHAL.o
                0x00000000080092e4                TouchGFXHAL::enableInterrupts()
 .text._ZN11TouchGFXHAL17disableInterruptsEv
                0x00000000080092e8        0x4 ./TouchGFX/target/TouchGFXHAL.o
                0x00000000080092e8                TouchGFXHAL::disableInterrupts()
 .text._ZN11TouchGFXHAL28enableLCDControllerInterruptEv
                0x00000000080092ec        0x4 ./TouchGFX/target/TouchGFXHAL.o
                0x00000000080092ec                TouchGFXHAL::enableLCDControllerInterrupt()
 .text._ZN11TouchGFXHAL10beginFrameEv
                0x00000000080092f0        0x4 ./TouchGFX/target/TouchGFXHAL.o
                0x00000000080092f0                TouchGFXHAL::beginFrame()
 .text._ZN11TouchGFXHAL8endFrameEv
                0x00000000080092f4        0x4 ./TouchGFX/target/TouchGFXHAL.o
                0x00000000080092f4                TouchGFXHAL::endFrame()
 .text._ZN8touchgfx3HAL18setFrameBufferSizeEtt
                0x00000000080092f8       0x44 ./TouchGFX/target/TouchGFXHAL.o
                0x00000000080092f8                touchgfx::HAL::setFrameBufferSize(unsigned short, unsigned short)
 .text._ZN8touchgfx3HAL15backPorchExitedEv
                0x000000000800933c       0x18 ./TouchGFX/target/TouchGFXHAL.o
                0x000000000800933c                touchgfx::HAL::backPorchExited()
 .text._ZN11TouchGFXHAL16flushFrameBufferEv
                0x0000000008009354        0x4 ./TouchGFX/target/TouchGFXHAL.o
                0x0000000008009354                TouchGFXHAL::flushFrameBuffer()
 .text._ZN11TouchGFXHALD0Ev
                0x0000000008009358       0x10 ./TouchGFX/target/TouchGFXHAL.o
                0x0000000008009358                TouchGFXHAL::~TouchGFXHAL()
 .text._ZN8touchgfx3HAL11getBlitCapsEv
                0x0000000008009368       0x14 ./TouchGFX/target/TouchGFXHAL.o
                0x0000000008009368                touchgfx::HAL::getBlitCaps()
 .text._ZN8touchgfx3HAL31performDisplayOrientationChangeEv
                0x000000000800937c       0x44 ./TouchGFX/target/TouchGFXHAL.o
                0x000000000800937c                touchgfx::HAL::performDisplayOrientationChange()
 .text._ZN8touchgfx3HAL10getDMATypeEv
                0x00000000080093c0       0x18 ./TouchGFX/target/TouchGFXHAL.o
                0x00000000080093c0                touchgfx::HAL::getDMAType()
 .text._ZN8touchgfx3HAL28setFrameBufferStartAddressesEPvS1_S1_
                0x00000000080093d8       0x58 ./TouchGFX/target/TouchGFXHAL.o
                0x00000000080093d8                touchgfx::HAL::setFrameBufferStartAddresses(void*, void*, void*)
 .text._ZNK20HardwareMJPEGDecoder21getCurrentFrameNumberEv
                0x0000000008009430        0x4 ./TouchGFX/target/generated/HardwareMJPEGDecoder.o
                0x0000000008009430                HardwareMJPEGDecoder::getCurrentFrameNumber() const
 .text._ZN20HardwareMJPEGDecoder12getLastErrorEv
                0x0000000008009434        0x8 ./TouchGFX/target/generated/HardwareMJPEGDecoder.o
                0x0000000008009434                HardwareMJPEGDecoder::getLastError()
 .text._ZN20HardwareMJPEGDecoder8hasVideoEv
                0x000000000800943c       0x14 ./TouchGFX/target/generated/HardwareMJPEGDecoder.o
                0x000000000800943c                HardwareMJPEGDecoder::hasVideo()
 .text._ZN20HardwareMJPEGDecoder17getNumberOfFramesEv
                0x0000000008009450        0x4 ./TouchGFX/target/generated/HardwareMJPEGDecoder.o
                0x0000000008009450                HardwareMJPEGDecoder::getNumberOfFrames()
 .text._ZN20HardwareMJPEGDecoder14setRepeatVideoEb
                0x0000000008009454        0x4 ./TouchGFX/target/generated/HardwareMJPEGDecoder.o
                0x0000000008009454                HardwareMJPEGDecoder::setRepeatVideo(bool)
 .text._ZN20HardwareMJPEGDecoder12getVideoInfoEPN8touchgfx16VideoInformationE
                0x0000000008009458        0xc ./TouchGFX/target/generated/HardwareMJPEGDecoder.o
                0x0000000008009458                HardwareMJPEGDecoder::getVideoInfo(touchgfx::VideoInformation*)
 .text._ZN20HardwareMJPEGDecoderD2Ev
                0x0000000008009464        0x4 ./TouchGFX/target/generated/HardwareMJPEGDecoder.o
                0x0000000008009464                HardwareMJPEGDecoder::~HardwareMJPEGDecoder()
                0x0000000008009464                HardwareMJPEGDecoder::~HardwareMJPEGDecoder()
 .text._ZN20HardwareMJPEGDecoder15decodeThumbnailEmPhtt
                0x0000000008009468       0x1c ./TouchGFX/target/generated/HardwareMJPEGDecoder.o
                0x0000000008009468                HardwareMJPEGDecoder::decodeThumbnail(unsigned long, unsigned char*, unsigned short, unsigned short)
 .text._ZN20HardwareMJPEGDecoderD0Ev
                0x0000000008009484       0x10 ./TouchGFX/target/generated/HardwareMJPEGDecoder.o
                0x0000000008009484                HardwareMJPEGDecoder::~HardwareMJPEGDecoder()
 .text._ZN20HardwareMJPEGDecoder16decodeMJPEGFrameEPKhmPhttm.part.0
                0x0000000008009494      0x1e8 ./TouchGFX/target/generated/HardwareMJPEGDecoder.o
 .text._ZN20HardwareMJPEGDecoder9gotoFrameEm
                0x000000000800967c       0xbc ./TouchGFX/target/generated/HardwareMJPEGDecoder.o
                0x000000000800967c                HardwareMJPEGDecoder::gotoFrame(unsigned long)
 .text._ZN20HardwareMJPEGDecoder11decodeFrameERKN8touchgfx4RectEPhm
                0x0000000008009738      0x24c ./TouchGFX/target/generated/HardwareMJPEGDecoder.o
                0x0000000008009738                HardwareMJPEGDecoder::decodeFrame(touchgfx::Rect const&, unsigned char*, unsigned long)
 .text._ZN20HardwareMJPEGDecoder13gotoNextFrameEv
                0x0000000008009984      0x15c ./TouchGFX/target/generated/HardwareMJPEGDecoder.o
                0x0000000008009984                HardwareMJPEGDecoder::gotoNextFrame()
 .text._ZN20HardwareMJPEGDecoder15decodeNextFrameEPhttm
                0x0000000008009ae0      0x16c ./TouchGFX/target/generated/HardwareMJPEGDecoder.o
                0x0000000008009ae0                HardwareMJPEGDecoder::decodeNextFrame(unsigned char*, unsigned short, unsigned short, unsigned long)
 .text._ZN20HardwareMJPEGDecoderC2Ev
                0x0000000008009c4c       0x4c ./TouchGFX/target/generated/HardwareMJPEGDecoder.o
                0x0000000008009c4c                HardwareMJPEGDecoder::HardwareMJPEGDecoder()
                0x0000000008009c4c                HardwareMJPEGDecoder::HardwareMJPEGDecoder()
 .text._ZN20HardwareMJPEGDecoder15readVideoHeaderEv
                0x0000000008009c98      0x4dc ./TouchGFX/target/generated/HardwareMJPEGDecoder.o
                0x0000000008009c98                HardwareMJPEGDecoder::readVideoHeader()
 .text._ZN20HardwareMJPEGDecoder12setVideoDataEPKhm
                0x000000000800a174       0x14 ./TouchGFX/target/generated/HardwareMJPEGDecoder.o
                0x000000000800a174                HardwareMJPEGDecoder::setVideoData(unsigned char const*, unsigned long)
 .text._ZN20HardwareMJPEGDecoder12setVideoDataERN8touchgfx15VideoDataReaderE