../Middlewares/ST/touchgfx/framework/include/touchgfx/Drawable.hpp:315:18:virtual void touchgfx::Drawable::setX(int16_t)	0	static
../Middlewares/ST/touchgfx/framework/include/touchgfx/Drawable.hpp:327:18:virtual void touchgfx::Drawable::setY(int16_t)	0	static
../Middlewares/ST/touchgfx/framework/include/touchgfx/Drawable.hpp:356:18:virtual void touchgfx::Drawable::setWidth(int16_t)	0	static
../Middlewares/ST/touchgfx/framework/include/touchgfx/Drawable.hpp:368:18:virtual void touchgfx::Drawable::setHeight(int16_t)	0	static
../Middlewares/ST/touchgfx/framework/include/touchgfx/Screen.hpp:104:18:virtual void touchgfx::Screen::afterTransition()	0	static
../Middlewares/ST/touchgfx/framework/include/touchgfx/Screen.hpp:115:18:virtual void touchgfx::Screen::tearDownScreen()	0	static
../Middlewares/ST/touchgfx/framework/include/touchgfx/Screen.hpp:144:18:virtual void touchgfx::Screen::handleTickEvent()	0	static
../Middlewares/ST/touchgfx/framework/include/touchgfx/Screen.hpp:154:18:virtual void touchgfx::Screen::handleKeyEvent(uint8_t)	0	static
../TouchGFX/generated/gui_generated/src/screen_screen/screenViewBase.cpp:23:6:virtual void screenViewBase::setupScreen()	0	static
../TouchGFX/generated/gui_generated/src/screen_screen/screenViewBase.cpp:8:1:screenViewBase::screenViewBase()	16	static
../TouchGFX/generated/gui_generated/include/gui_generated/screen_screen/screenViewBase.hpp:17:13:screenViewBase::~screenViewBase()	8	static
../TouchGFX/generated/gui_generated/include/gui_generated/screen_screen/screenViewBase.hpp:17:13:virtual screenViewBase::~screenViewBase()	8	static
